******************************************************************************
               TMS320C6x Linker Unix v6.1.17                   
******************************************************************************
>> Linked Sun Jun  4 01:16:08 2017

OUTPUT FILE NAME:   <Release/pool_notify.out>
ENTRY POINT SYMBOL: "_c_int00"  address: 87e34340


MEMORY CONFIGURATION

         name            origin    length      used     unused   attr    fill
----------------------  --------  ---------  --------  --------  ----  --------
  IRAM                  107f8000   00010000  00000000  00010000  RWIX
  CACHE_L2              10808000   00008000  00000000  00008000  RWIX
  CACHE_L1P             10e04000   00004000  00000000  00004000  RWIX
  L1DSRAM               10f04000   00004000  00000000  00004000  RWIX
  CACHE_L1D             10f10000   00008000  00000000  00008000  RWIX
  RESET_VECTOR          87e00000   00000080  00000000  00000080  RWIX
  DDR2                  87e00080   000fff80  000358bd  000ca6c3  RWIX
  DSPLINKMEM            87f00000   00030000  00000000  00030000  RWIX
  POOLMEM               87f30000   000d0000  00000000  000d0000  RWIX


SECTION ALLOCATION MAP

 output                                  attributes/
section   page    origin      length       input sections
--------  ----  ----------  ----------   ----------------
.vers      0    00000000    00000040     COPY SECTION
                  00000000    00000040     pool_notifycfg.obj (.vers)

.pinit     0    87e00080    00000000     UNINITIALIZED

.prd       0    87e00080    00000000     UNINITIALIZED

.data      0    87e00080    00000000     UNINITIALIZED

.hst       0    87e00080    00000000     UNINITIALIZED

.pip       0    87e00080    00000000     UNINITIALIZED

.DDR2$heap 
*          0    87e00080    00020000     UNINITIALIZED
                  87e00080    00020000     --HOLE--

.text      0    87e20080    0000d3e0     
                  87e20080    00003060     dsplinkringio.lib : _ringio.obj (.text)
                  87e230e0    00000e60     dsplinkmpcs.lib : mpcs.obj (.text)
                  87e23f40    00000d40     dsplink.lib : ips.obj (.text)
                  87e24c80    000007e0     rts64plus.lib : divd.obj (.text:__divd)
                  87e25460    000005a0     dsplink.lib : dsplink.obj (.text)
                  87e25a00    00000540     dsplinkpool.lib : sma_pool.obj (.text)
                  87e25f40    00000500     rts64plus.lib : divf.obj (.text:__divf)
                  87e26440    00000460                   : _printfi.obj (.text:__getarg_diouxp)
                  87e268a0    00000460                   : _printfi.obj (.text:__setfield)
                  87e26d00    00000460     dsplinkmpcs.lib : _mpcs.obj (.text)
                  87e27160    000003a0     rts64plus.lib : _printfi.obj (.text:__printfi)
                  87e27500    00000320                   : _printfi.obj (.text:_fcvt)
                  87e27820    00000320     task.obj (.text)
                  87e27b40    00000300     rts64plus.lib : _printfi.obj (.text:_ecvt)
                  87e27e40    00000300                   : fputs.obj (.text:_fputs)
                  87e28140    000002e0                   : _printfi.obj (.text:__pproc_fge)
                  87e28420    000002e0                   : _printfi.obj (.text:__pproc_fwp)
                  87e28700    00000280                   : _printfi.obj (.text:__pconv_e)
                  87e28980    00000260                   : imath64.obj (.text:__divull)
                  87e28be0    00000260                   : mpyd.obj (.text:__mpyd)
                  87e28e40    00000240                   : addd.obj (.text:__addd)
                  87e29080    00000220                   : frcaddd.obj (.text:__frcaddd)
                  87e292a0    00000220                   : _printfi.obj (.text:__pproc_diouxp)
                  87e294c0    00000200                   : frcmpyd_div.obj (.text:__frcmpyd_div)
                  87e296c0    00000200                   : mpyf.obj (.text:__mpyf)
                  87e298c0    00000200                   : _printfi.obj (.text:__pproc_str)
                  87e29ac0    00000200     dsplinkmplist.lib : _mplist.obj (.text)
                  87e29cc0    000001c0     dsplink.lib : hal_interrupt.obj (.text:DSPLINK_init)
                  87e29e80    000001c0     rts64plus.lib : _printfi.obj (.text:__mcpy)
                  87e2a040    000001a0                   : trgdrv.obj (.text:_HOSTrename)
                  87e2a1e0    000001a0                   : imath40.obj (.text:__divul)
                  87e2a380    000001a0                   : setvbuf.obj (.text:_setvbuf)
                  87e2a520    00000180                   : _printfi.obj (.text:__pconv_g)
                  87e2a6a0    00000140                   : fputc.obj (.text:_fputc)
                  87e2a7e0    00000140                   : lowlev.obj (.text:_getdevice)
                  87e2a920    00000120                   : frcmpyd.obj (.text:__frcmpyd)
                  87e2aa40    00000120                   : _printfi.obj (.text:__pproc_fflags)
                  87e2ab60    00000120                   : fclose.obj (.text:_fclose)
                  87e2ac80    00000120     dsplinknotify.lib : notify.obj (.text)
                  87e2ada0    00000100     rts64plus.lib : trgdrv.obj (.text:_HOSTlseek)
                  87e2aea0    00000100                   : _printfi.obj (.text:__ltostr)
                  87e2afa0    00000100                   : _io_perm.obj (.text:__wrt_ok)
                  87e2b0a0    00000100     dsp_main.obj (.text)
                  87e2b1a0    00000100     dsplink.lib : hal_interrupt.obj (.text)
                  87e2b2a0    000000e0                 : shm_drv.obj (.text:DSPLINK_init)
                  87e2b380    000000e0     rts64plus.lib : trgdrv.obj (.text:_HOSTopen)
                  87e2b460    000000e0                   : cmpd.obj (.text:__cmpd)
                  87e2b540    000000e0                   : _printfi.obj (.text:__div)
                  87e2b620    000000e0                   : atoi.obj (.text:_atoi)
                  87e2b700    000000e0                   : lowlev.obj (.text:_close)
                  87e2b7e0    000000e0                   : memset.obj (.text:_memset)
                  87e2b8c0    000000c0     dsplink.lib : dsplink.obj (.text:DSPLINK_init)
                  87e2b980    000000c0     rts64plus.lib : trgdrv.obj (.text:_HOSTread)
                  87e2ba40    000000c0                   : trgdrv.obj (.text:_HOSTunlink)
                  87e2bb00    000000c0                   : trgdrv.obj (.text:_HOSTwrite)
                  87e2bbc0    000000c0                   : fopen.obj (.text:__cleanup)
                  87e2bc80    000000c0                   : divu.obj (.text:__divu)
                  87e2bd40    000000c0                   : fflush.obj (.text:__doflush)
                  87e2be00    000000c0                   : fseek.obj (.text:_fseek)
                  87e2bec0    000000c0                   : lowlev.obj (.text:_lseek)
                  87e2bf80    000000c0                   : ltoa.obj (.text:_ltoa)
                  87e2c040    000000c0                   : lowlev.obj (.text:_write)
                  87e2c100    000000c0     bios.a64P : tsk_stup.o64P (.text)
                  87e2c1c0    000000c0     dsplinknotify.lib : _notify.obj (.text)
                  87e2c280    000000a0     dsplink.lib : dsplinkips.obj (.text:DSPLINK_init)
                  87e2c320    000000a0     dsplinkpool.lib : dsplinkpool.obj (.text:DSPLINK_init)
                  87e2c3c0    000000a0     rts64plus.lib : trgdrv.obj (.text:_HOSTclose)
                  87e2c460    000000a0                   : imath40.obj (.text:__divli)
                  87e2c500    000000a0                   : _printfi.obj (.text:__ecpy)
                  87e2c5a0    000000a0                   : _printfi.obj (.text:__fcpy)
                  87e2c640    000000a0                   : fixdli.obj (.text:__fixdli)
                  87e2c6e0    000000a0                   : frcmpyf_div.obj (.text:__frcmpyf_div)
                  87e2c780    000000a0                   : _printfi.obj (.text:__pconv_f)
                  87e2c820    000000a0                   : remu.obj (.text:__remu)
                  87e2c8c0    000000a0                   : lowlev.obj (.text:_finddevice)
                  87e2c960    000000a0                   : memcpy64.obj (.text:_memcpy)
                  87e2ca00    000000a0                   : printf.obj (.text:_printf)
                  87e2caa0    00000080                   : cmpf.obj (.text:__cmpf)
                  87e2cb20    00000080                   : fixdi.obj (.text:__fixdi)
                  87e2cba0    00000080                   : fixfu.obj (.text:__fixfu)
                  87e2cc20    00000080                   : fltlid.obj (.text:__fltlid)
                  87e2cca0    00000080                   : llshift.obj (.text:__llshl)
                  87e2cd20    00000080                   : renormd.obj (.text:__renormd)
                  87e2cda0    00000080                   : lowlev.obj (.text:_unlink)
                  87e2ce20    00000080                   : trgmsg.obj (.text:_writemsg)
                  87e2cea0    00000060                   : cvtfd.obj (.text:__cvtfd)
                  87e2cf00    00000060                   : frcmpyf.obj (.text:__frcmpyf)
                  87e2cf60    00000060                   : llshift.obj (.text:__llshru)
                  87e2cfc0    00000060                   : imath64.obj (.text:__subcull)
                  87e2d020    00000060                   : memccpy.obj (.text:_memccpy)
                  87e2d080    00000060                   : trgmsg.obj (.text:_readmsg)
                  87e2d0e0    00000040     dsplinkdata.lib : dsplinkdata.obj (.text:DSPLINK_init)
                  87e2d120    00000040     dsplinkmsg.lib : dsplinkmqt.obj (.text:DSPLINK_init)
                  87e2d160    00000040     rts64plus.lib : isinf.obj (.text:___isinf)
                  87e2d1a0    00000040                   : _printfi.obj (.text:___isnan)
                  87e2d1e0    00000040                   : divd.obj (.text:___isnan)
                  87e2d220    00000040                   : fltuf.obj (.text:__fltuf)
                  87e2d260    00000040                   : negd.obj (.text:__negd)
                  87e2d2a0    00000040                   : imath40.obj (.text:__remli)
                  87e2d2e0    00000040                   : subd.obj (.text:__subd)
                  87e2d320    00000040     dsplink.lib : hal.obj (.text)
                  87e2d360    00000020     rts64plus.lib : divf.obj (.text:___isnanf)
                  87e2d380    00000020                   : negll.obj (.text:__negll)
                  87e2d3a0    00000020                   : _lock.obj (.text:__nop)
                  87e2d3c0    00000020                   : printf.obj (.text:__outc)
                  87e2d3e0    00000020                   : printf.obj (.text:__outs)
                  87e2d400    00000020                   : _lock.obj (.text:__register_lock)
                  87e2d420    00000020                   : _lock.obj (.text:__register_unlock)
                  87e2d440    00000020                   : remove.obj (.text:_remove)

.bios      0    87e2d460    00004660     
                  87e2d460    00000520     bios.a64P : exc.o64P (.bios)
                  87e2d980    000004e0               : hwi_disp_asm.o64P (.bios)
                  87e2de60    000004c0               : swi.o64P (.bios)
                  87e2e320    00000380               : prd.o64P (.bios)
                  87e2e6a0    00000340               : tsk_crea.o64P (.bios)
                  87e2e9e0    000002a0               : malloc.o64P (.bios)
                  87e2ec80    00000240               : knl_run.o64P (.bios)
                  87e2eec0    00000200               : sem_pend.o64P (.bios)
                  87e2f0c0    00000200     bios3430.a64P : clk2430.o64P (.bios)
                  87e2f2c0    000001e0     bios.a64P : mem_allo.o64P (.bios:.near)
                  87e2f4a0    000001e0               : c62_plug.o64P (.bios)
                  87e2f680    000001e0               : exc_asm.o64P (.bios)
                  87e2f860    000001e0               : knl_tick.o64P (.bios)
                  87e2fa40    000001c0               : mem_free.o64P (.bios:.near)
                  87e2fc00    000001c0               : sem_dopo.o64P (.bios)
                  87e2fdc0    000001c0     bios3430.a64P : clk.o64P (.bios)
                  87e2ff80    000001a0     bios.a64P : tsk_setu.o64P (.bios)
                  87e30120    00000180               : knl_swit.o64P (.bios)
                  87e302a0    00000140               : autoinit.o64P (.bios)
                  87e303e0    00000140               : knl_read.o64P (.bios)
                  87e30520    00000140               : tsk_exit.o64P (.bios)
                  87e30660    00000140     bios3430.a64P : bcache_init.o64P (.bios)
                  87e307a0    00000140                   : clk2430_reconfig.o64P (.bios)
                  87e308e0    00000120     bios.a64P : gbl_cacheinit64P.o64P (.bios)
                  87e30a00    00000120               : knl_chec.o64P (.bios)
                  87e30b20    00000120               : tsk_stup.o64P (.bios)
                  87e30c40    00000100     bios3430.a64P : bcache_block.o64P (.bios)
                  87e30d40    000000e0     bios.a64P : sem_post_asm.o64P (.bios)
                  87e30e20    000000c0               : knl_exit.o64P (.bios)
                  87e30ee0    000000a0               : knl_star.o64P (.bios)
                  87e30f80    000000a0               : sem_post.o64P (.bios)
                  87e31020    000000a0               : sys_exit.o64P (.bios)
                  87e310c0    00000080               : hwi_disp.o64P (.bios)
                  87e31140    00000080               : hwi_eventmap64P.o64P (.bios)
                  87e311c0    00000080               : knl_ipos.o64P (.bios)
                  87e31240    00000080               : knl_post.o64P (.bios)
                  87e312c0    00000080               : lck.o64P (.bios)
                  87e31340    00000080               : log.o64P (.bios)
                  87e313c0    00000080               : obj_crea.o64P (.bios)
                  87e31440    00000080     bios3430.a64P : bcache_all.o64P (.bios)
                  87e314c0    00000080                   : bcache_wait.o64P (.bios)
                  87e31540    00000060     bios.a64P : mem_vall.o64P (.bios:.near)
                  87e315a0    00000060               : sys_erro.o64P (.bios:.near)
                  87e31600    00000060               : fxn.o64P (.bios)
                  87e31660    00000060               : hwi_c.o64P (.bios)
                  87e316c0    00000060               : obj_dele.o64P (.bios)
                  87e31720    00000060               : sem_pend_counting.o64P (.bios)
                  87e31780    00000060               : sts.o64P (.bios)
                  87e317e0    00000060               : swi_disable.o64P (.bios)
                  87e31840    00000060               : sys_abor.o64P (.bios)
                  87e318a0    00000060               : utl_putc.o64P (.bios)
                  87e31900    00000040               : c62_c.o64P (.bios)
                  87e31940    00000040               : que_get.o64P (.bios)
                  87e31980    00000040               : utl_doab.o64P (.bios)
                  87e319c0    00000020               : fxn_c.o64P (.bios)
                  87e319e0    00000020               : gbl_vers.o64P (.bios)
                  87e31a00    00000020               : hook_setenv.o64P (.bios)
                  87e31a20    00000020               : idl.o64P (.bios)
                  87e31a40    00000020               : sts_set.o64P (.bios)
                  87e31a60    00000020               : utl_doer.o64P (.bios)
                  87e31a80    00000020               : utl_halt.o64P (.bios)
                  87e31aa0    00000020     bios3430.a64P : clk2430_gethtime.o64P (.bios)

.stack     0    87e31ac0    00001000     UNINITIALIZED
                  87e31ac0    00001000     --HOLE--

.cinit     0    87e32ac0    00000cb4     
                  87e32ac0    0000030c     pool_notifycfg.obj (.cinit)
                  87e32dcc    00000004     --HOLE-- [fill = 0]
                  87e32dd0    0000026c     bios.a64P : biosdata.o64P (.cinit)
                  87e3303c    00000004     --HOLE-- [fill = 0]
                  87e33040    000001a4               : knl.o64P (.cinit)
                  87e331e4    00000004     --HOLE-- [fill = 0]
                  87e331e8    000000b0               : swi.o64P (.cinit)
                  87e33298    00000070               : tsk.o64P (.cinit)
                  87e33308    00000060               : tsk_stup.o64P (.cinit)
                  87e33368    0000005c     rts64plus.lib : defs.obj (.cinit)
                  87e333c4    00000004     --HOLE-- [fill = 0]
                  87e333c8    0000005c                   : lowlev.obj (.cinit)
                  87e33424    00000004     --HOLE-- [fill = 0]
                  87e33428    0000003c     bios.a64P : exc.o64P (.cinit)
                  87e33464    00000004     --HOLE-- [fill = 0]
                  87e33468    00000036     pool_notify_config.obj (.cinit)
                  87e3349e    00000002     --HOLE-- [fill = 0]
                  87e334a0    00000034     bios.a64P : hwi.o64P (.cinit)
                  87e334d4    00000004     --HOLE-- [fill = 0]
                  87e334d8    0000002c               : utl_putc.o64P (.cinit)
                  87e33504    00000004     --HOLE-- [fill = 0]
                  87e33508    0000002c     rts64plus.lib : exit.obj (.cinit)
                  87e33534    00000004     --HOLE-- [fill = 0]
                  87e33538    00000028     dsplink.lib : ips.obj (.cinit)
                  87e33560    00000024     bios.a64P : obj_init.o64P (.cinit)
                  87e33584    00000004     --HOLE-- [fill = 0]
                  87e33588    0000001c               : exc_asm.o64P (.cinit)
                  87e335a4    00000004     --HOLE-- [fill = 0]
                  87e335a8    0000001c               : sys.o64P (.cinit)
                  87e335c4    00000004     --HOLE-- [fill = 0]
                  87e335c8    0000001c     dsplinkmpcs.lib : _mpcs.obj (.cinit)
                  87e335e4    00000004     --HOLE-- [fill = 0]
                  87e335e8    0000001c     dsplinkmplist.lib : _mplist.obj (.cinit)
                  87e33604    00000004     --HOLE-- [fill = 0]
                  87e33608    0000001c     dsplinknotify.lib : _notify.obj (.cinit)
                  87e33624    00000004     --HOLE-- [fill = 0]
                  87e33628    0000001c     dsplinkringio.lib : ringio.obj (.cinit)
                  87e33644    00000004     --HOLE-- [fill = 0]
                  87e33648    0000001c     rts64plus.lib : _lock.obj (.cinit)
                  87e33664    00000004     --HOLE-- [fill = 0]
                  87e33668    00000018     bios.a64P : knl_tick.o64P (.cinit)
                  87e33680    00000014               : hwi_disp.o64P (.cinit)
                  87e33694    00000004     --HOLE-- [fill = 0]
                  87e33698    00000014     bios3430.a64P : bcache_table.o64P (.cinit)
                  87e336ac    00000004     --HOLE-- [fill = 0]
                  87e336b0    00000010     rts64plus.lib : divd.obj (.cinit)
                  87e336c0    00000010                   : divf.obj (.cinit)
                  87e336d0    0000000c     bios.a64P : knl_star.o64P (.cinit)
                  87e336dc    00000004     --HOLE-- [fill = 0]
                  87e336e0    0000000c               : knl_swit.o64P (.cinit)
                  87e336ec    00000004     --HOLE-- [fill = 0]
                  87e336f0    0000000c               : pool.o64P (.cinit)
                  87e336fc    00000004     --HOLE-- [fill = 0]
                  87e33700    0000000c     bios3430.a64P : bcache_wait.o64P (.cinit)
                  87e3370c    00000004     --HOLE-- [fill = 0]
                  87e33710    0000000c     dsplink.lib : shm_drv.obj (.cinit)
                  87e3371c    00000004     --HOLE-- [fill = 0]
                  87e33720    0000000c     dsplinkmsg.lib : dsplinkmqt.obj (.cinit)
                  87e3372c    00000004     --HOLE-- [fill = 0]
                  87e33730    0000000c     rts64plus.lib : fopen.obj (.cinit)
                  87e3373c    00000004     --HOLE-- [fill = 0]
                  87e33740    0000000c     task.obj (.cinit)
                  87e3374c    00000004     --HOLE-- [fill = 0]
                  87e33750    0000000a     bios.a64P : pool_init.o64P (.cinit)
                  87e3375a    00000006     --HOLE-- [fill = 0]
                  87e33760    0000000a     dsplink.lib : dsplink.obj (.cinit)
                  87e3376a    00000006     --HOLE-- [fill = 0]
                  87e33770    00000004     (.pad.cinit) [fill = 0]

.idl       0    87e33774    00000004     UNINITIALIZED
                  87e33774    00000004     pool_notifycfg.obj (.idl)

.far       0    87e33778    000007ba     UNINITIALIZED
                  87e33778    00000194     rts64plus.lib : defs.obj (.far)
                  87e3390c    00000004     bios3430.a64P : bcache_wait.o64P (.far)
                  87e33910    00000120     dsplink.lib : ips.obj (.far)
                  87e33a30    000000d8     bios.a64P : knl.o64P (.far)
                  87e33b08    000000d0     rts64plus.lib : trgdrv.obj (.far)
                  87e33bd8    000000cc                   : lowlev.obj (.far)
                  87e33ca4    00000004     bios3430.a64P : clk2430_data.o64P (.far)
                  87e33ca8    00000080     dsplinkpool.lib : dsplinkpool.obj (.far)
                  87e33d28    0000005c     bios.a64P : tsk.o64P (.far)
                  87e33d84    00000004     dsplink.lib : shm_drv.obj (.far)
                  87e33d88    00000054     bios.a64P : obj_init.o64P (.far)
                  87e33ddc    00000050               : tsk_stup.o64P (.far)
                  87e33e2c    00000004     dsplinkdata.lib : dsplinkdata.obj (.far)
                  87e33e30    00000020     bios.a64P : sys.o64P (.far)
                  87e33e50    00000020     pool_notify_config.obj (.far)
                  87e33e70    00000014     dsplink.lib : hal_interrupt.obj (.far)
                  87e33e84    00000010     bios.a64P : exc.o64P (.far)
                  87e33e94    00000010               : knl_tick.o64P (.far)
                  87e33ea4    0000000c               : hwi_disp.o64P (.far)
                  87e33eb0    0000000c               : utl_putc.o64P (.far)
                  87e33ebc    0000000c     bios3430.a64P : bcache_table.o64P (.far)
                  87e33ec8    0000000c     rts64plus.lib : exit.obj (.far)
                  87e33ed4    0000000c     task.obj (.far)
                  87e33ee0    00000008     dsp_main.obj (.far)
                  87e33ee8    00000008     dsplinkmpcs.lib : _mpcs.obj (.far)
                  87e33ef0    00000008     dsplinkmplist.lib : _mplist.obj (.far)
                  87e33ef8    00000008     dsplinknotify.lib : _notify.obj (.far)
                  87e33f00    00000008     dsplinkringio.lib : ringio.obj (.far)
                  87e33f08    00000008     rts64plus.lib : _lock.obj (.far)
                  87e33f10    00000008                   : divd.obj (.far)
                  87e33f18    00000008                   : divf.obj (.far)
                  87e33f20    00000004     dsplinkmpcs.lib : mpcs.obj (.far)
                  87e33f24    00000004     dsplinkmsg.lib : dsplinkmqt.obj (.far)
                  87e33f28    00000004     pool_notifycfg.obj (.far)
                  87e33f2c    00000004     rts64plus.lib : fopen.obj (.far)
                  87e33f30    00000002     dsplink.lib : dsplink.obj (.far)

.trcdata   0    87e33f34    0000000c     
                  87e33f34    0000000c     bios.a64P : trc.o64P (.trcdata)

.sysinit   0    87e33f40    000005e0     
                  87e33f40    000002e0     pool_notifycfg.obj (.sysinit)
                  87e34220    00000120     bios.a64P : pool_init.o64P (.sysinit)
                  87e34340    000000c0               : boot.o64P (.sysinit)
                  87e34400    000000a0               : mem_init.o64P (.sysinit)
                  87e344a0    00000060               : tsk_init.o64P (.sysinit)
                  87e34500    00000020               : obj_init.o64P (.sysinit)

.const     0    87e34520    00000445     
                  87e34520    00000193     bios.a64P : exc.o64P (.const)
                  87e346b3    00000004               : mem_allo.o64P (.const)
                  87e346b7    00000001     --HOLE-- [fill = 0]
                  87e346b8    00000101     rts64plus.lib : ctype.obj (.const:__ctypes_)
                  87e347b9    0000004e     bios.a64P : pool_init.o64P (.const)
                  87e34807    0000004e               : tsk_stup.o64P (.const)
                  87e34855    00000023     rts64plus.lib : _printfi.obj (.const:.string)
                  87e34878    00000023     bios.a64P : utl_doab.o64P (.const)
                  87e3489b    00000022               : utl_doer.o64P (.const)
                  87e348bd    0000001c     task.obj (.const:.string)
                  87e348d9    00000019     dsplinkmplist.lib : _mplist.obj (.const:.string)
                  87e348f2    00000019     dsplinkringio.lib : _ringio.obj (.const:.string)
                  87e3490b    00000012     dsplinkmpcs.lib : _mpcs.obj (.const:.string)
                  87e3491d    00000012                     : mpcs.obj (.const:.string)
                  87e3492f    00000012     dsplinkpool.lib : sma_pool.obj (.const:.string)
                  87e34941    00000002     rts64plus.lib : fputs.obj (.const:.string)
                  87e34943    00000001     --HOLE-- [fill = 0]
                  87e34944    00000010     dsplinkpool.lib : sma_pool.obj (.const)
                  87e34954    0000000b     dsplink.lib : dsplink.obj (.const:.string)
                  87e3495f    00000004     bios.a64P : mem_free.o64P (.const)
                  87e34963    00000001     --HOLE-- [fill = 0]
                  87e34964    00000001               : tsk.o64P (.const)

.printf    0    87e34965    0000001a     COPY SECTION
                  87e34965    0000001a     pool_notifycfg.obj (.printf)

.TSK_idle$stk 
*          0    87e34968    00000400     UNINITIALIZED
                  87e34968    00000400     pool_notifycfg.obj (.TSK_idle$stk)

.bss       0    87e34d68    00000336     UNINITIALIZED
                  87e34d68    00000100     bios.a64P : hwi_disp_asm.o64P (.bss)
                  87e34e68    000000cc               : biosdata.o64P (.bss)
                  87e34f34    0000009c               : swi.o64P (.bss)
                  87e34fd0    00000048               : knl.o64P (.bss)
                  87e35018    00000020               : exc_asm.o64P (.bss)
                  87e35038    00000018               : hwi.o64P (.bss)
                  87e35050    00000010               : exc.o64P (.bss)
                  87e35060    00000010     pool_notifycfg.obj (.bss)
                  87e35070    0000000c     bios.a64P : tsk.o64P (.bss)
                  87e3507c    00000008               : clk_data.o64P (.bss)
                  87e35084    00000008               : sys.o64P (.bss)
                  87e3508c    00000004               : clk_data2.o64P (.bss)
                  87e35090    00000004               : knl_star.o64P (.bss)
                  87e35094    00000004               : mem_asm.o64P (.bss)
                  87e35098    00000004               : pool.o64P (.bss)
                  87e3509c    00000002               : pool_init.o64P (.bss)

.trace     0    87e350a0    00000200     
                  87e350a0    00000200     --HOLE-- [fill = 00000000]

.cio       0    87e352a0    00000120     UNINITIALIZED
                  87e352a0    00000120     rts64plus.lib : trgmsg.obj (.cio)

.gblinit   0    87e353c0    00000034     
                  87e353c0    00000034     pool_notifycfg.obj (.gblinit)

.clk       0    87e353f4    00000008     UNINITIALIZED
                  87e353f4    00000008     pool_notifycfg.obj (.clk)

.idlcal    0    87e353fc    00000004     UNINITIALIZED
                  87e353fc    00000004     pool_notifycfg.obj (.idlcal)

.hwi_vec   0    87e35400    00000200     
                  87e35400    00000200     pool_notifycfg.obj (.hwi_vec)

.LOG_system$buf 
*          0    87e35600    00000100     UNINITIALIZED
                  87e35600    00000100     pool_notifycfg.obj (.LOG_system$buf)

.data:DSPLINK_shmBaseAddress 
*          0    87e35700    00000084     
                  87e35700    00000084     dsplink.lib : dsplink.obj (.data:DSPLINK_shmBaseAddress) [fill = c3f05000]

.tsk       0    87e35784    00000060     UNINITIALIZED
                  87e35784    00000060     pool_notifycfg.obj (.tsk)

.sts       0    87e357e4    00000010     
                  87e357e4    00000010     pool_notifycfg.obj (.sts)

.mem       0    87e357f4    00000004     UNINITIALIZED
                  87e357f4    00000004     pool_notifycfg.obj (.mem)

.trace$buf 
*          0    87e35800    00000080     UNINITIALIZED
                  87e35800    00000080     pool_notifycfg.obj (.trace$buf)

.args      0    87e35880    00000050     
                  87e35880    00000050     --HOLE-- [fill = 0]

.log       0    87e358d0    00000030     
                  87e358d0    00000030     pool_notifycfg.obj (.log)

.swi       0    87e35900    0000002c     UNINITIALIZED
                  87e35900    0000002c     pool_notifycfg.obj (.swi)

.switch    0    87e3592c    00000010     
                  87e3592c    00000010     dsplinkringio.lib : _ringio.obj (.switch)

.sys       0    87e3593c    00000010     UNINITIALIZED
                  87e3593c    00000010     pool_notifycfg.obj (.sys)


GLOBAL SYMBOLS: SORTED ALPHABETICALLY BY Name 

address    name
--------   ----
87e34d68   $bss
87e34d68   .bss
87e00080   .data
87e20080   .text
87e33f40   BIOS_init
87e3418c   BIOS_start
00000000   BUF$
00000001   BUF_ENABLED
87e2ce80   C$$IO$$
ffffffff   CACHE_L1D
ffffffff   CACHE_L1P
ffffffff   CACHE_L2
00000001   CLK$
87e353f4   CLK_A_TABBEG
00000001   CLK_CALDIV
00000001   CLK_CALMULT
00050910   CLK_COUNTSPMS
00000005   CLK_COUNTSPMSHIGH
87e34e90   CLK_D_idletime
87e34e8c   CLK_D_isrhook
87e34e88   CLK_D_tabbeg
87e34e84   CLK_D_timefxn
00000001   CLK_ENABLEHTIME
87e2fdc0   CLK_F_getltime
87e2fdd0   CLK_F_isr
87e2ff20   CLK_F_itime
87e2d980   CLK_HOOKFXN
00000001   CLK_HTIMEDIV
00000001   CLK_HTIMEMULT
00050910   CLK_HTIMEPERLTIME
00004b00   CLK_INPUTCLK
00004000   CLK_INTBIT
00000001   CLK_LTIMEDIV
00050910   CLK_LTIMEMULT
000003e8   CLK_MICROSECS
00004b00   CLK_PRD
00000000   CLK_PRDHIGH
49038000   CLK_REGS
00000000   CLK_RESETTIMER
87e34e80   CLK_R_time
00000020   CLK_TCR
00000000   CLK_TDDR
00000000   CLK_TDDRHIGH
87e31aa0   CLK_TIMEFXN
00000000   CLK_TIMERNUM
00000005   CLK_TIMMODE
00000001   CLK_USETIMER
87e353f8   CLK_null
87e3506c   DDR2
87e00080   DDR2$B
00020000   DDR2$L
00000000   DEV$
00000000   DGN$
00000000   DHL$
00000000   DHL_gChannelsAvailable
00000000   DIO$
00000000   DIO_NUMSWIBASE
00000000   DIO_NUMTSKBASE
00000000   DIO_STATIC
00000000   DPI$
ffffffff   DSPLINKMEM
00000000   ECM$
00000000   ECM_ENABLE
ffffffff   ECM_EVTMASK0
ffffffff   ECM_EVTMASK1
ffffffff   ECM_EVTMASK2
ffffffff   ECM_EVTMASK3
0000000a   EVENT10
00000064   EVENT100
00000065   EVENT101
00000066   EVENT102
00000067   EVENT103
00000068   EVENT104
00000069   EVENT105
0000006a   EVENT106
0000006b   EVENT107
0000006c   EVENT108
0000006d   EVENT109
0000000b   EVENT11
0000006e   EVENT110
0000006f   EVENT111
00000070   EVENT112
00000071   EVENT113
00000072   EVENT114
00000073   EVENT115
00000074   EVENT116
00000075   EVENT117
00000076   EVENT118
00000077   EVENT119
0000000c   EVENT12
00000078   EVENT120
00000079   EVENT121
0000007a   EVENT122
0000007b   EVENT123
0000007c   EVENT124
0000007d   EVENT125
0000007e   EVENT126
0000007f   EVENT127
0000000d   EVENT13
0000000e   EVENT14
0000000f   EVENT15
00000010   EVENT16
00000011   EVENT17
00000012   EVENT18
00000013   EVENT19
00000014   EVENT20
00000015   EVENT21
00000016   EVENT22
00000017   EVENT23
00000018   EVENT24
00000019   EVENT25
0000001a   EVENT26
0000001b   EVENT27
0000001c   EVENT28
0000001d   EVENT29
0000001e   EVENT30
0000001f   EVENT31
00000020   EVENT32
00000021   EVENT33
00000022   EVENT34
00000023   EVENT35
00000024   EVENT36
00000025   EVENT37
00000026   EVENT38
00000027   EVENT39
00000004   EVENT4
00000028   EVENT40
00000029   EVENT41
0000002a   EVENT42
0000002b   EVENT43
0000002c   EVENT44
0000002d   EVENT45
0000002e   EVENT46
0000002f   EVENT47
00000030   EVENT48
00000031   EVENT49
00000005   EVENT5
00000032   EVENT50
00000033   EVENT51
00000034   EVENT52
00000035   EVENT53
00000036   EVENT54
00000037   EVENT55
00000038   EVENT56
00000039   EVENT57
0000003a   EVENT58
0000003b   EVENT59
00000006   EVENT6
0000003c   EVENT60
0000003d   EVENT61
0000003e   EVENT62
0000003f   EVENT63
00000040   EVENT64
00000041   EVENT65
00000042   EVENT66
00000043   EVENT67
00000044   EVENT68
00000045   EVENT69
00000007   EVENT7
00000046   EVENT70
00000047   EVENT71
00000048   EVENT72
00000049   EVENT73
0000004a   EVENT74
0000004b   EVENT75
0000004c   EVENT76
0000004d   EVENT77
0000004e   EVENT78
0000004f   EVENT79
00000008   EVENT8
00000050   EVENT80
00000051   EVENT81
00000052   EVENT82
00000053   EVENT83
00000054   EVENT84
00000055   EVENT85
00000056   EVENT86
00000057   EVENT87
00000058   EVENT88
00000059   EVENT89
00000009   EVENT9
0000005a   EVENT90
0000005b   EVENT91
0000005c   EVENT92
0000005d   EVENT93
0000005e   EVENT94
0000005f   EVENT95
00000060   EVENT96
00000061   EVENT97
00000062   EVENT98
00000063   EVENT99
87e31600   FXN_F_nop
87e31604   FXN_F_run
87e31640   FXN_F_zero
00000001   GBL$
00005205   GBL_A_VERSION
00000000   GBL_BCACHEREADADDR0
00000000   GBL_BCACHEREADADDR1
00000000   GBL_BCACHEREADADDR2
00000000   GBL_BIGENDIAN
00000000   GBL_CACHE
00000000   GBL_CALLCSLCFGINIT
00004e20   GBL_CLKIN
00000d66   GBL_CLKTYPE
00001963   GBL_DSPSUBTYPE
0000003e   GBL_DSPTYPE
00000000   GBL_ENABLEINST
00000000   GBL_ENABLE_SK
00000042   GBL_FOOTPRINT
00050910   GBL_FREQ
00000000   GBL_GEMTRUECOMPEN
00000007   GBL_L1DMODE
00000003   GBL_L1PMODE
00000001   GBL_L2CONFIGURE
00000000   GBL_L2MAR0_31
00000080   GBL_L2MAR128_159
00000000   GBL_L2MAR160_191
00000000   GBL_L2MAR192_223
00000000   GBL_L2MAR224_255
00000000   GBL_L2MAR32_63
00000000   GBL_L2MAR64_95
00000000   GBL_L2MAR96_127
00000001   GBL_L2MODE
00000000   GBL_NULL
00000000   GBL_PROCID
00000000   GBL_ROM
00000000   GBL_SUPPORTCSL
00004000   GBL_TRCMASKVALUE
00000000   GBL_USERINIT
87e319c0   GBL_USERINITFXN
00000001   GBL_boot
87e33f3c   GBL_initdone
87e31ac0   GBL_stackbeg
87e32abf   GBL_stackend
00000000   GIO$
87e319c0   GIO_CREATEFXN
87e319c0   GIO_DELETEFXN
87e319c0   GIO_PENDFXN
87e319c0   GIO_POSTFXN
00000000   HOOK$
00000000   HOOK_KNLID
00000000   HST$
87e00080   HST_A_TABBEG
87e00080   HST_A_TABEND
00000000   HST_DSM
87e3506c   HST_DSMBUFSEG
00000400   HST_DSMMEMSIZE
87e34efc   HST_D_chanmask
87e34f00   HST_D_tabbeg
87e34f04   HST_D_tabend
00000100   HST_MAXFRAMEALLOWED
00000000   HST_MAXFRAMESET
00000001   HST_NONE
00000000   HST_RTDX
00000001   HWI$
87e35400   HWI_A_VECS
00004000   HWI_CFGDISPATCHED
87e35048   HWI_D_bss
87e3504c   HWI_D_ccmask
87e35038   HWI_D_spsave
00000001   HWI_ENABLE_EXC
87e2d980   HWI_F_dispatch
00000000   HWI_GENERATE_RESET_VEC
0000000a   HWI_INT10
00000000   HWI_INT10$hwi
0000000b   HWI_INT11
00000000   HWI_INT11$hwi
0000000c   HWI_INT12
00000000   HWI_INT12$hwi
0000000d   HWI_INT13
00000000   HWI_INT13$hwi
0000000e   HWI_INT14
00000000   HWI_INT14$hwi
0000000f   HWI_INT15
00000000   HWI_INT15$hwi
00000004   HWI_INT4
00000000   HWI_INT4$hwi
00000005   HWI_INT5
00000000   HWI_INT5$hwi
00000006   HWI_INT6
00000000   HWI_INT6$hwi
00000007   HWI_INT7
00000000   HWI_INT7$hwi
00000008   HWI_INT8
00000000   HWI_INT8$hwi
00000009   HWI_INT9
00000000   HWI_INT9$hwi
07060504   HWI_INTRMUX1
0a0a0908   HWI_INTRMUX2
34330d0b   HWI_INTRMUX3
00000001   HWI_NMI
00000000   HWI_NMI$hwi
00000000   HWI_POLARITYMASK
00000002   HWI_RESERVED0
00000000   HWI_RESERVED0$hwi
00000003   HWI_RESERVED1
00000000   HWI_RESERVED1$hwi
00000000   HWI_RESET
00000000   HWI_RESET$hwi
00000000   HWI_ZEROTAB
00000000   IDL$
87e353fc   IDL_A_CALBEG
87e33774   IDL_A_TABBEG
00000000   IDL_CALIBRERROR
00000000   IDL_CALIBRFXN
87e34e70   IDL_D_calbeg
87e34e6c   IDL_D_calibrate
87e34e68   IDL_D_tabbeg
87e33774   IDL_END
87e353fc   IDL_END$
87e31a20   IDL_F_loop
00000000   IDL_USECLKIDLTIME
ffffffff   IRAM
00000001   ISRC$
87e30278   KNL_glue
87e35900   KNL_swi
00000001   KNL_swi$dorta
00000000   KNL_swi$ord
00000000   KNL_swi$pri
87e357e8   KNL_swi$sts
87e34975   KNL_swi$sts$avgfmt
00000002   KNL_swi$sts$filter
00000001   KNL_swi$sts$filtmaxmult
00000001   KNL_swi$sts$filtsummult
87e34965   KNL_swi$sts$maxfmt
87e357e4   KNL_swi$sts$stsobj
87e3496d   KNL_swi$sts$sumfmt
00000000   KNL_swi$sts$unittype
00000000   KNL_swi$swi
ffffffff   L1DSRAM
00000001   LCK$
00000001   LOG$
87e358d0   LOG_A_TABBEG
87e35900   LOG_A_TABEND
00000002   LOG_A_TABLEN
87e34e74   LOG_D_system
00000001   LOG_ENABLED
87e31340   LOG_F_event
87e358d0   LOG_system
87e35600   LOG_system$buf
00000000   LOG_system$datatype
00000000   LOG_system$log
00000040   LOG_system$size
00000000   MBX$
00000001   MEM$
87e3506c   MEM_MALLOCSEG
00000000   MEM_NULL
87e3506c   MEM_SEGZERO
00000000   MEM_USEMPC
00000001   MEM_gNumHeap
00000000   MSGQ$
00000000   MSGQ_USEMSGQ
00000000   OBJ$
00000000   PIP$
87e00080   PIP_A_TABBEG
87e00080   PIP_A_TABEND
00000000   PIP_A_TABLEN
87e34e78   PIP_D_tabbeg
87e34e7c   PIP_D_tablen
00000064   PIP_OBJSIZE
00000000   PIP_gNextId
00000000   PIP_gNumEmbed
00000001   POOL$
ffffffff   POOLMEM
00000001   POOL_USEPOOL
00000001   PRD$
87e00080   PRD_A_TABBEG
87e00080   PRD_A_TABEND
00000000   PRD_A_TABLEN
87e34eb8   PRD_D_cur
87e34ebc   PRD_D_elapsed
87e34ec0   PRD_D_prevtim
87e34ec4   PRD_D_scalar
87e34ec8   PRD_D_swihandle
87e34ecc   PRD_D_tabbeg
87e34ed0   PRD_D_tablen
87e34ed4   PRD_D_thook
87e34eb4   PRD_D_tick
87e2e320   PRD_F_swi
87e2e5a4   PRD_F_tick
00000001   PRD_SCALAR
00000000   PRD_SWIHANDLE
87e2fa2c   PRD_THOOKFXN
87e353f4   PRD_clock
00000001   PWRM$
00000000   PWRM_PWRM_CAPSMASK
0000000a   PWRM_PWRM_CLKTICKSPERSLOT
00000000   PWRM_PWRM_ENABLE
00000000   PWRM_PWRM_LOADENABLE
00000001   PWRM_PWRM_NUMSLOTS
00000000   PWRM_PWRM_RESOURCETRACKING
00000000   PWRM_PWRM_SCALING
87e319c0   PWRM_PWRM_SHAREDRESOURCEFXN
87e319c0   PWRM_PWRM_SLOTHOOKFXN
00000000   PWRM_PWRM_TIMERIDNUM
00000000   PWRM_PWRM_TIMERINTRMASK
00000000   PWRM_PWRM_TIMERWUGENMASK
00000000   PWRM_PWRM_USERRESOURCES
00000000   PWRM_PWRM_USETIMER
00000001   QUE$
ffffffff   RESET_VECTOR
87e34ed8   RTA_D_fromHost
87e34ee0   RTA_D_logval
87e34ef0   RTA_D_stsval
87e34edc   RTA_D_toHost
00000000   RTDX$
00000408   RTDX_BUFMEMSIZE
87e3506c   RTDX_DATAMEMSEG
00000000   RTDX_MODE
00000000   RTDX_USERTDX
00000000   RTDX_USERTEXECUTION
00000000   SEM$
00000000   SIO$
00000000   STS$
87e357e4   STS_A_TABBEG
87e357f4   STS_A_TABEND
87e317ac   STS_F_add
87e31780   STS_F_delta
87e317c8   STS_F_reset
00000001   SWI$
87e35900   SWI_A_TABBEG
87e3592c   SWI_A_TABEND
00000001   SWI_A_TABLEN
87e34f4c   SWI_D_curfxn
87e34f3c   SWI_D_curmask
87e34f48   SWI_D_curmbox
87e34f40   SWI_D_curset
87e34f38   SWI_D_execaddr
87e34f54   SWI_D_inswi
87e34f44   SWI_D_lock
87e34f50   SWI_D_rdybeg
87e34f58   SWI_D_rdytab
87e34f34   SWI_D_runaddr
00000000   SWI_EHOOKFXN
87e2e044   SWI_EXECFXN
87e2de60   SWI_F_enable
87e2e044   SWI_F_exec
87e2e06c   SWI_F_iexec
87e2ded0   SWI_F_post
87e2e0ec   SWI_F_run
00000000   SWI_IHOOKFXN
87e2e0ec   SWI_RUNFXN
00000001   SYS$
87e3593c   SYS$config
87e31980   SYS_ABORTFXN
87e31a60   SYS_ERRORFXN
87e31a80   SYS_EXITFXN
87e318a0   SYS_PUTCFXN
87e33f38   TRC_R_mask
87e33f34   TRC_cinit
00000001   TSK$
00000000   TSK_NUM_HOOKS
00000001   TSK_PRIORITY
00000000   TSK_READYFXN
87e3506c   TSK_STACKSEG
00000400   TSK_STACKSIZE
00000000   TSK_SWITCHFXN
87e319c0   TSK_VCREATEFXN
87e319c0   TSK_VDELETEFXN
87e319c0   TSK_VEXITFXN
87e35790   TSK_idle
00000000   TSK_idle$ord
00000000   TSK_idle$pri
87e34968   TSK_idle$stack
87e34d00   TSK_idle$stkptr
00000000   TSK_idle$tsk
00000000   UDEV$
87e306f4   _BCACHE_bootInit
87e30774   _BCACHE_getMar
87e30724   _BCACHE_getSize
87e30d30   _BCACHE_inv
87e314b0   _BCACHE_invL1pAll
87e306f4   _BCACHE_setCacheToSram
87e306a4   _BCACHE_setMar
87e30660   _BCACHE_setSize
87e314c0   _BCACHE_wait
87e30d20   _BCACHE_wb
87e314a0   _BCACHE_wbAll
87e30d0c   _BCACHE_wbInv
87e3148c   _BCACHE_wbInvAll
87e33f40   _BIOS_init
87e3418c   _BIOS_start
87e3192c   _C62_clearIFR
87e31900   _C62_disableIER
87e2f4a8   _C62_dispatchPlug
87e31918   _C62_enableIER
87e2f4a0   _C62_plug
87e3192c   _C64_clearIFR
87e31900   _C64_disableIER
87e2f4a8   _C64_dispatchPlug
87e31918   _C64_enableIER
87e2f4a0   _C64_plug
ffffffff   _CACHE_L1D
ffffffff   _CACHE_L1P
ffffffff   _CACHE_L2
00050910   _CLK_COUNTSPMS
87e3507c   _CLK_DFLTMICROSECS
87e34eb0   _CLK_D_countspms
87e34ea4   _CLK_D_dirty
87e35080   _CLK_D_microseconds
87e34ea8   _CLK_D_prd
87e34eac   _CLK_D_tddr
87e2ff20   _CLK_F_itime
00004b00   _CLK_PRD
49038000   _CLK_REGS
00000000   _CLK_TDDR
00000000   _CLK_TIMERNUM
00000001   _CLK_USETIMER
87e31aa0   _CLK_gethtime
49038000   _CLK_gptimer
87e33f28   _CLK_gptimer_enablemask
87e34e94   _CLK_htimeDiv
87e34e98   _CLK_htimeMult
87e3508c   _CLK_htimePerLtime
87e33ca4   _CLK_inputClock
87e2ff20   _CLK_itime
87e34e9c   _CLK_ltimeDiv
87e34ea0   _CLK_ltimeMult
87e307cc   _CLK_reconfig
87e2f124   _CLK_start
87e2f0c0   _CLK_stop
87e3506c   _DDR2
87e00080   _DDR2_base
00020000   _DDR2_length
87e33e2c   _DSPLINKDATA_ctrlPtr
87e2d0e0   _DSPLINKDATA_init
87e2c280   _DSPLINKIPS_init
ffffffff   _DSPLINKMEM
87e33f24   _DSPLINKMQT_ctrlPtr
87e2d120   _DSPLINKMQT_init
87e33ca8   _DSPLINKPOOL_ctrlPtr
87e2c320   _DSPLINKPOOL_init
87e2b8c0   _DSPLINK_init
87e35700   _DSPLINK_shmBaseAddress
87e35708   _DSPLINK_shmBaseAddress_pad
0000000a   _EVENT10
00000064   _EVENT100
00000065   _EVENT101
00000066   _EVENT102
00000067   _EVENT103
00000068   _EVENT104
00000069   _EVENT105
0000006a   _EVENT106
0000006b   _EVENT107
0000006c   _EVENT108
0000006d   _EVENT109
0000000b   _EVENT11
0000006e   _EVENT110
0000006f   _EVENT111
00000070   _EVENT112
00000071   _EVENT113
00000072   _EVENT114
00000073   _EVENT115
00000074   _EVENT116
00000075   _EVENT117
00000076   _EVENT118
00000077   _EVENT119
0000000c   _EVENT12
00000078   _EVENT120
00000079   _EVENT121
0000007a   _EVENT122
0000007b   _EVENT123
0000007c   _EVENT124
0000007d   _EVENT125
0000007e   _EVENT126
0000007f   _EVENT127
0000000d   _EVENT13
0000000e   _EVENT14
0000000f   _EVENT15
00000010   _EVENT16
00000011   _EVENT17
00000012   _EVENT18
00000013   _EVENT19
00000014   _EVENT20
00000015   _EVENT21
00000016   _EVENT22
00000017   _EVENT23
00000018   _EVENT24
00000019   _EVENT25
0000001a   _EVENT26
0000001b   _EVENT27
0000001c   _EVENT28
0000001d   _EVENT29
0000001e   _EVENT30
0000001f   _EVENT31
00000020   _EVENT32
00000021   _EVENT33
00000022   _EVENT34
00000023   _EVENT35
00000024   _EVENT36
00000025   _EVENT37
00000026   _EVENT38
00000027   _EVENT39
00000004   _EVENT4
00000028   _EVENT40
00000029   _EVENT41
0000002a   _EVENT42
0000002b   _EVENT43
0000002c   _EVENT44
0000002d   _EVENT45
0000002e   _EVENT46
0000002f   _EVENT47
00000030   _EVENT48
00000031   _EVENT49
00000005   _EVENT5
00000032   _EVENT50
00000033   _EVENT51
00000034   _EVENT52
00000035   _EVENT53
00000036   _EVENT54
00000037   _EVENT55
00000038   _EVENT56
00000039   _EVENT57
0000003a   _EVENT58
0000003b   _EVENT59
00000006   _EVENT6
0000003c   _EVENT60
0000003d   _EVENT61
0000003e   _EVENT62
0000003f   _EVENT63
00000040   _EVENT64
00000041   _EVENT65
00000042   _EVENT66
00000043   _EVENT67
00000044   _EVENT68
00000045   _EVENT69
00000007   _EVENT7
00000046   _EVENT70
00000047   _EVENT71
00000048   _EVENT72
00000049   _EVENT73
0000004a   _EVENT74
0000004b   _EVENT75
0000004c   _EVENT76
0000004d   _EVENT77
0000004e   _EVENT78
0000004f   _EVENT79
00000008   _EVENT8
00000050   _EVENT80
00000051   _EVENT81
00000052   _EVENT82
00000053   _EVENT83
00000054   _EVENT84
00000055   _EVENT85
00000056   _EVENT86
00000057   _EVENT87
00000058   _EVENT88
00000059   _EVENT89
00000009   _EVENT9
0000005a   _EVENT90
0000005b   _EVENT91
0000005c   _EVENT92
0000005d   _EVENT93
0000005e   _EVENT94
0000005f   _EVENT95
00000060   _EVENT96
00000061   _EVENT97
00000062   _EVENT98
00000063   _EVENT99
87e2d950   _EXC_clearLastStatus
87e2f680   _EXC_dispatch
87e2d7d4   _EXC_exceptionHandler
87e35050   _EXC_exceptionHook
87e2d7a0   _EXC_external
87e35058   _EXC_externalHook
87e2d780   _EXC_getLastStatus
87e2d740   _EXC_init
87e2d494   _EXC_internal
87e35054   _EXC_internalHook
87e2d460   _EXC_nmi
87e3505c   _EXC_nmiHook
87e35020   _EXC_returnPtr
87e2f844   _EXC_setReturnPtr
87e33e84   _EXC_status
87e35018   _EXC_sysTrapTable
87e319c0   _FXN_F_nop
87e31604   _FXN_F_run
87e31640   _FXN_F_zero
00000000   _GBL_CACHE
87e30944   _GBL_cacheInit64P
87e34f0c   _GBL_clkIn
87e34f10   _GBL_freq
87e319e0   _GBL_getVersion
87e34f08   _GBL_procId
87e2d348   _HAL_exit
87e2d320   _HAL_init
87e2b278   _HAL_intClear
87e2b24c   _HAL_intDisable
87e2b220   _HAL_intEnable
87e29de0   _HAL_intInit
87e29cc0   _HAL_intRegister
87e2b210   _HAL_intSend
87e2b1a0   _HAL_intWaitClear
87e31a00   _HOOK_setenv
87e2c3c0   _HOSTclose
87e2ada0   _HOSTlseek
87e2b380   _HOSTopen
87e2b980   _HOSTread
87e2a040   _HOSTrename
87e2ba40   _HOSTunlink
87e2bb00   _HOSTwrite
87e00080   _HST_A_TABBEG
87e00080   _HST_A_TABEND
87e33ea4   _HWI_ATTRS
00004000   _HWI_CFGDISPATCHED
87e35044   _HWI_D_inhwi
87e35038   _HWI_D_spsave
87e2d980   _HWI_F_dispatch
0000000a   _HWI_INT10
0000000b   _HWI_INT11
0000000c   _HWI_INT12
0000000d   _HWI_INT13
0000000e   _HWI_INT14
0000000f   _HWI_INT15
00000004   _HWI_INT4
00000005   _HWI_INT5
00000006   _HWI_INT6
00000007   _HWI_INT7
00000008   _HWI_INT8
00000009   _HWI_INT9
00000001   _HWI_NMI
00000002   _HWI_RESERVED0
00000003   _HWI_RESERVED1
00000000   _HWI_RESET
87e32ab8   _HWI_STKBOTTOM
87e31ac0   _HWI_STKTOP
87e35038   _HWI_data
87e31660   _HWI_disable
87e310c0   _HWI_dispatchPlug
87e34d68   _HWI_dispatchTab
87e31678   _HWI_enable
87e31140   _HWI_eventMap
87e3168c   _HWI_restore
87e31a20   _IDL_loop
87e24ab8   _IPS_clearReserved
87e24a04   _IPS_exit
87e248a0   _IPS_init
87e24318   _IPS_isNotReserved
87e24694   _IPS_notify
87e24340   _IPS_register
87e242f0   _IPS_setReserved
87e23f40   _IPS_unregister
ffffffff   _IRAM
87e34fd8   _KNL_alarm
87e30a00   _KNL_check
87e34ffc   _KNL_curqueue
87e34fec   _KNL_curtask
87e34ff4   _KNL_curtime
87e33ad0   _KNL_dummy
87e30e60   _KNL_enter
87e30e20   _KNL_exit
87e30ac8   _KNL_idle
87e35014   _KNL_idlefxn
87e34fe0   _KNL_inactive
87e311c0   _KNL_ipost
87e30af0   _KNL_max
87e35000   _KNL_maxqueue
87e31240   _KNL_post
87e34ff0   _KNL_prevtask
87e34fe4   _KNL_priority
87e33a30   _KNL_queues
87e303e0   _KNL_ready
87e2ec80   _KNL_run
87e30120   _KNL_saveIsrFrame
87e34fe8   _KNL_set
87e34fdc   _KNL_setpri
87e30ee0   _KNL_start
87e35900   _KNL_swi
87e34ff8   _KNL_swiptr
87e301cc   _KNL_switch
87e35008   _KNL_tcreatefxn
87e3500c   _KNL_tdeletefxn
87e2fa2c   _KNL_tick
87e35010   _KNL_treadyfxn
87e35004   _KNL_tswitchfxn
87e34fd0   _KNL_wFlag
87e34fd4   _KNL_wList
ffffffff   _L1DSRAM
87e312e0   _LCK_pend
87e312c0   _LCK_post
87e358d0   _LOG_A_TABBEG
87e35900   _LOG_A_TABEND
00000002   _LOG_A_TABLEN
87e34e74   _LOG_D_system
87e31340   _LOG_event
87e358d0   _LOG_system
87e35094   _MEM
87e34f14   _MEM_D_NUMSEGMENTS
87e34f1c   _MEM_D_freelist
87e34f20   _MEM_D_lockaddr
87e34f18   _MEM_D_memtab
87e34f24   _MEM_D_unlockaddr
87e2f2c0   _MEM_alloc
87e2fa40   _MEM_free
87e34400   _MEM_init
87e35060   _MEM_memtab
87e31540   _MEM_valloc
87e33ee0   _MPCSXFER_BufferSize
87e33ee4   _MPCSXFER_NumIterations
87e23e74   _MPCS_close
87e23924   _MPCS_create
87e33eec   _MPCS_csObj
87e33ee8   _MPCS_ctrlPtr
87e23460   _MPCS_delete
87e2326c   _MPCS_enter
87e270f4   _MPCS_exit
87e26f74   _MPCS_init
87e23140   _MPCS_leave
87e230e0   _MPCS_open
87e33ef0   _MPLIST_ctrlPtr
87e29c40   _MPLIST_exit
87e29ac0   _MPLIST_init
87e33ef4   _MPLIST_mpcsObj
87e33ef8   _NOTIFY_ctrlPtr
87e2c1c0   _NOTIFY_init
87e2ad34   _NOTIFY_notify
87e33efc   _NOTIFY_numIps
87e2acd4   _NOTIFY_register
87e2ac80   _NOTIFY_unregister
87e313c0   _OBJ_create
87e316c0   _OBJ_delete
87e34500   _OBJ_init
87e33dc0   _OBJ_segtab
87e33d88   _OBJ_table
87e00080   _PIP_A_TABBEG
87e00080   _PIP_A_TABEND
87e35098   _POOL
ffffffff   _POOLMEM
87e33e68   _POOL_config
87e34220   _POOL_init
87e25964   _POOL_open
87e34eb4   _PRD_D_tick
87e353f4   _PRD_clock
87e31940   _QUE_get
87e31968   _QUE_put
ffffffff   _RESET_VECTOR
87e33f00   _RingIO_ctrlPtr
87e23038   _RingIO_exit
87e22eb8   _RingIO_init
87e33f04   _RingIO_mpcsObj
87e31720   _SEM_pend
87e2eec0   _SEM_pendEnterKnl
87e30d40   _SEM_post
87e30d40   _SEM_postBinary
87e30f80   _SEM_postEnterKnl
87e2b2b4   _SHMDRV_handshake
87e2b2a0   _SHMDRV_init
87e34944   _SMAPOOL_FXNS
87e25d4c   _SMAPOOL_alloc
87e25b50   _SMAPOOL_free
87e25b38   _SMAPOOL_init
87e25a00   _SMAPOOL_open
87e357e4   _STS_A_TABBEG
87e357f4   _STS_A_TABEND
87e317ac   _STS_add
87e31780   _STS_delta
87e317c8   _STS_reset
87e31a40   _STS_set
87e34f4c   _SWI_D_curfxn
87e34f3c   _SWI_D_curmask
87e34f40   _SWI_D_curset
87e34f38   _SWI_D_execaddr
87e34f54   _SWI_D_inswi
87e34f44   _SWI_D_lock
87e34f50   _SWI_D_rdybeg
87e34f34   _SWI_D_runaddr
87e34f34   _SWI_data
87e317e0   _SWI_disable
87e31804   _SWI_enable
87e2ded0   _SWI_post
87e34f28   _SYS
87e350a0   _SYS_PUTCBEG
87e3529f   _SYS_PUTCEND
87e31840   _SYS_abort
87e315a0   _SYS_error
87e31020   _SYS_exit
87e33e30   _SYS_exitStack
87e35084   _SYS_exitStackPtr
87e35088   _SYS_exitStackTop
87e33e50   _SamplePoolParams
87e33f38   _TRC_R_mask
87e35078   _TSK
87e33d28   _TSK_ATTRS
87e33d44   _TSK_config
87e2e6a0   _TSK_create
87e30520   _TSK_exit
87e35790   _TSK_idle
87e344a0   _TSK_init
87e35070   _TSK_nTasks
87e35074   _TSK_pid
87e2ff80   _TSK_setup
87e30bc4   _TSK_startup
87e33d64   _TSK_timerSem
87e279c0   _Task_create
87e27958   _Task_delete
87e278cc   _Task_execute
87e31980   _UTL_doAbort
87e31a60   _UTL_doError
87e318a0   _UTL_doPutc
87e31a80   _UTL_halt
87e3390c   __BCACHE_emifAddr
87e33ebc   __BCACHE_readTable
87e352a0   __CIOBUF_
87e2ff3c   __CLK_lat1beg
87e2ff60   __CLK_lat1end
87e25460   __DSPLINK_init
87e34f30   __HOOK_NUMHOOKS
87e34f2c   __HOOK_knlId
87e2d980   __HWI_lat1beg
87e2db08   __HWI_lat1end
87e2db08   __HWI_lat2beg
87e2dce4   __HWI_lat2end1
87e2dc70   __HWI_lat2end2
87e2dd00   __HWI_lat3beg
87e2dca0   __HWI_lat3end2
87e30a4c   __KNL_lat1beg
87e30ac8   __KNL_lat1end
87e31340   __LOG_lat1beg
87e33e04   __MEM_mutex
87e26d00   __MPCS_open
48004000   __PWRM_CM_BASEADDR
5d000000   __PWRM_IVAMMU_BASEADDR
48306000   __PWRM_PRM_BASEADDR
48002000   __PWRM_SCM_BASEADDR
00000000   __PWRM_TIMERBASEADDR
00000020   __PWRM_TIMERINPUTCLK
00000000   __PWRM_TIMERINTRMASK
0000000a   __PWRM_TIMERPERIOD
00000000   __PWRM_USETIMER
87e31940   __QUE_lat1beg
87e31960   __QUE_lat1end
87e31968   __QUE_lat2beg
87e31974   __QUE_lat2end
87e22cac   __RingIO_callNotifier
87e22bc8   __RingIO_checkNotifier
87e22674   __RingIO_getContiguousDataSize
87e21660   __RingIO_getFirstAcquiredAttr
87e20334   __RingIO_getFirstAttr
87e208a4   __RingIO_initInstance
87e21710   __RingIO_invalidateDataBuffer
87e22790   __RingIO_readerAcquire
87e224c8   __RingIO_readerCancel
87e21fb0   __RingIO_readerFlush
87e21be8   __RingIO_readerGetvAttribute
87e217ec   __RingIO_readerRelease
87e20434   __RingIO_releaseAttribute
87e20e68   __RingIO_updateAttributes
87e21424   __RingIO_writerAcquire
87e21038   __RingIO_writerCancel
87e20964   __RingIO_writerFlush
87e20518   __RingIO_writerRelease
87e20080   __RingIO_writerSetvAttribute
87e2fc00   __SEM_dopost
00001000   __STACK_SIZE
87e2dfd8   __SWI_lat1beg
87e2e084   __SWI_lat1end
87e2e088   __SWI_lat2beg
87e2e0e8   __SWI_lat2end
87e2de60   __SWI_lat3beg
87e2decc   __SWI_lat3end
87e33ddc   __TSK_mutex
87e33ed0   ___TI_enable_exit_profile_output
ffffffff   ___TI_pprof_out_hndl
ffffffff   ___TI_prof_data_size
ffffffff   ___TI_prof_data_start
ffffffff   ___binit__
87e34d68   ___bss__
ffffffff   ___c_args__
87e32ac0   ___cinit__
87e00080   ___data__
87e00080   ___edata__
87e3509e   ___end__
87e2d460   ___etext__
87e2d160   ___isinf
ffffffff   ___pinit__
87e20080   ___text__
87e28e40   __addd
87e302a0   __auto_init
87e2bbc0   __cleanup
87e33ec8   __cleanup_ptr
87e2b460   __cmpd
87e2caa0   __cmpf
87e346b8   __ctypes_
87e2cea0   __cvtfd
87e24c80   __divd
87e25f40   __divf
87e2c460   __divli
87e2bc80   __divu
87e2a1e0   __divul
87e28980   __divull
87e2bd40   __doflush
87e33ecc   __dtors_ptr
87e2cb20   __fixdi
87e2c640   __fixdli
87e2cba0   __fixfu
87e2cc20   __fltlid
87e2d220   __fltuf
87e29080   __frcaddd
87e2a920   __frcmpyd
87e294c0   __frcmpyd_div
87e2cf00   __frcmpyf
87e2c6e0   __frcmpyf_div
87e33908   __ft_end
87e33778   __ftable
87e2cca0   __llshl
87e2cf60   __llshru
87e33f08   __lock
87e28be0   __mpyd
87e296c0   __mpyf
87e2d260   __negd
87e2d380   __negll
87e2d3a0   __nop
87e27160   __printfi
87e2d400   __register_lock
87e2d420   __register_unlock
87e2d2a0   __remli
87e2c820   __remu
87e2cd20   __renormd
87e31ac0   __stack
87e2cfc0   __subcull
87e2d2e0   __subd
87e33868   __tmpnams
87e33f0c   __unlock
87e2afa0   __wrt_ok
87e2b620   _atoi
87e33ed4   _buf
87e34340   _c_int00
87e2ec18   _calloc
87e2b700   _close
87e2ab60   _fclose
87e2a6a0   _fputc
87e27e40   _fputs
87e2e9e0   _free
87e2be00   _fseek
87e33ed8   _length
87e2bec0   _lseek
87e2bf80   _ltoa
87e2b0a0   _main
87e2ea08   _malloc
87e2eb38   _memalign
87e2d020   _memccpy
87e2c960   _memcpy
87e2b7e0   _memset
87e33e58   _pool_notify_Pools
87e2ca00   _printf
87e2a6a0   _putc
87e2d080   _readmsg
87e2ea6c   _realloc
87e2d440   _remove
87e2a380   _setvbuf
87e27820   _sum_dsp
87e358e8   _trace
87e2cda0   _unlink
87e2c040   _write
87e2ce20   _writemsg
ffffffff   binit
87e32ac0   cinit
87e00080   edata
87e3509e   end
87e2d460   etext
87e35400   hwi0
87e35420   hwi1
87e35540   hwi10
87e35560   hwi11
87e35580   hwi12
87e355a0   hwi13
87e355c0   hwi14
87e355e0   hwi15
87e35440   hwi2
87e35460   hwi3
87e35480   hwi4
87e354a0   hwi5
87e354c0   hwi6
87e354e0   hwi7
87e35500   hwi8
87e35520   hwi9
ffffffff   pinit
87e358e8   trace
87e35800   trace$buf
00000001   trace$datatype
00000000   trace$log
00000020   trace$size


GLOBAL SYMBOLS: SORTED BY Symbol Address 

address    name
--------   ----
00000000   BUF$
00000000   CLK_PRDHIGH
00000000   CLK_RESETTIMER
00000000   CLK_TDDR
00000000   CLK_TDDRHIGH
00000000   CLK_TIMERNUM
00000000   DEV$
00000000   DGN$
00000000   DHL$
00000000   DHL_gChannelsAvailable
00000000   DIO$
00000000   DIO_NUMSWIBASE
00000000   DIO_NUMTSKBASE
00000000   DIO_STATIC
00000000   DPI$
00000000   ECM$
00000000   ECM_ENABLE
00000000   GBL_BCACHEREADADDR0
00000000   GBL_BCACHEREADADDR1
00000000   GBL_BCACHEREADADDR2
00000000   GBL_BIGENDIAN
00000000   GBL_CACHE
00000000   GBL_CALLCSLCFGINIT
00000000   GBL_ENABLEINST
00000000   GBL_ENABLE_SK
00000000   GBL_GEMTRUECOMPEN
00000000   GBL_L2MAR0_31
00000000   GBL_L2MAR160_191
00000000   GBL_L2MAR192_223
00000000   GBL_L2MAR224_255
00000000   GBL_L2MAR32_63
00000000   GBL_L2MAR64_95
00000000   GBL_L2MAR96_127
00000000   GBL_NULL
00000000   GBL_PROCID
00000000   GBL_ROM
00000000   GBL_SUPPORTCSL
00000000   GBL_USERINIT
00000000   GIO$
00000000   HOOK$
00000000   HOOK_KNLID
00000000   HST$
00000000   HST_DSM
00000000   HST_MAXFRAMESET
00000000   HST_RTDX
00000000   HWI_GENERATE_RESET_VEC
00000000   HWI_INT10$hwi
00000000   HWI_INT11$hwi
00000000   HWI_INT12$hwi
00000000   HWI_INT13$hwi
00000000   HWI_INT14$hwi
00000000   HWI_INT15$hwi
00000000   HWI_INT4$hwi
00000000   HWI_INT5$hwi
00000000   HWI_INT6$hwi
00000000   HWI_INT7$hwi
00000000   HWI_INT8$hwi
00000000   HWI_INT9$hwi
00000000   HWI_NMI$hwi
00000000   HWI_POLARITYMASK
00000000   HWI_RESERVED0$hwi
00000000   HWI_RESERVED1$hwi
00000000   HWI_RESET
00000000   HWI_RESET$hwi
00000000   HWI_ZEROTAB
00000000   IDL$
00000000   IDL_CALIBRERROR
00000000   IDL_CALIBRFXN
00000000   IDL_USECLKIDLTIME
00000000   KNL_swi$ord
00000000   KNL_swi$pri
00000000   KNL_swi$sts$unittype
00000000   KNL_swi$swi
00000000   LOG_system$datatype
00000000   LOG_system$log
00000000   MBX$
00000000   MEM_NULL
00000000   MEM_USEMPC
00000000   MSGQ$
00000000   MSGQ_USEMSGQ
00000000   OBJ$
00000000   PIP$
00000000   PIP_A_TABLEN
00000000   PIP_gNextId
00000000   PIP_gNumEmbed
00000000   PRD_A_TABLEN
00000000   PRD_SWIHANDLE
00000000   PWRM_PWRM_CAPSMASK
00000000   PWRM_PWRM_ENABLE
00000000   PWRM_PWRM_LOADENABLE
00000000   PWRM_PWRM_RESOURCETRACKING
00000000   PWRM_PWRM_SCALING
00000000   PWRM_PWRM_TIMERIDNUM
00000000   PWRM_PWRM_TIMERINTRMASK
00000000   PWRM_PWRM_TIMERWUGENMASK
00000000   PWRM_PWRM_USERRESOURCES
00000000   PWRM_PWRM_USETIMER
00000000   RTDX$
00000000   RTDX_MODE
00000000   RTDX_USERTDX
00000000   RTDX_USERTEXECUTION
00000000   SEM$
00000000   SIO$
00000000   STS$
00000000   SWI_EHOOKFXN
00000000   SWI_IHOOKFXN
00000000   TSK_NUM_HOOKS
00000000   TSK_READYFXN
00000000   TSK_SWITCHFXN
00000000   TSK_idle$ord
00000000   TSK_idle$pri
00000000   TSK_idle$tsk
00000000   UDEV$
00000000   _CLK_TDDR
00000000   _CLK_TIMERNUM
00000000   _GBL_CACHE
00000000   _HWI_RESET
00000000   __PWRM_TIMERBASEADDR
00000000   __PWRM_TIMERINTRMASK
00000000   __PWRM_USETIMER
00000000   trace$log
00000001   BUF_ENABLED
00000001   CLK$
00000001   CLK_CALDIV
00000001   CLK_CALMULT
00000001   CLK_ENABLEHTIME
00000001   CLK_HTIMEDIV
00000001   CLK_HTIMEMULT
00000001   CLK_LTIMEDIV
00000001   CLK_USETIMER
00000001   GBL$
00000001   GBL_L2CONFIGURE
00000001   GBL_L2MODE
00000001   GBL_boot
00000001   HST_NONE
00000001   HWI$
00000001   HWI_ENABLE_EXC
00000001   HWI_NMI
00000001   ISRC$
00000001   KNL_swi$dorta
00000001   KNL_swi$sts$filtmaxmult
00000001   KNL_swi$sts$filtsummult
00000001   LCK$
00000001   LOG$
00000001   LOG_ENABLED
00000001   MEM$
00000001   MEM_gNumHeap
00000001   POOL$
00000001   POOL_USEPOOL
00000001   PRD$
00000001   PRD_SCALAR
00000001   PWRM$
00000001   PWRM_PWRM_NUMSLOTS
00000001   QUE$
00000001   SWI$
00000001   SWI_A_TABLEN
00000001   SYS$
00000001   TSK$
00000001   TSK_PRIORITY
00000001   _CLK_USETIMER
00000001   _HWI_NMI
00000001   trace$datatype
00000002   HWI_RESERVED0
00000002   KNL_swi$sts$filter
00000002   LOG_A_TABLEN
00000002   _HWI_RESERVED0
00000002   _LOG_A_TABLEN
00000003   GBL_L1PMODE
00000003   HWI_RESERVED1
00000003   _HWI_RESERVED1
00000004   EVENT4
00000004   HWI_INT4
00000004   _EVENT4
00000004   _HWI_INT4
00000005   CLK_COUNTSPMSHIGH
00000005   CLK_TIMMODE
00000005   EVENT5
00000005   HWI_INT5
00000005   _EVENT5
00000005   _HWI_INT5
00000006   EVENT6
00000006   HWI_INT6
00000006   _EVENT6
00000006   _HWI_INT6
00000007   EVENT7
00000007   GBL_L1DMODE
00000007   HWI_INT7
00000007   _EVENT7
00000007   _HWI_INT7
00000008   EVENT8
00000008   HWI_INT8
00000008   _EVENT8
00000008   _HWI_INT8
00000009   EVENT9
00000009   HWI_INT9
00000009   _EVENT9
00000009   _HWI_INT9
0000000a   EVENT10
0000000a   HWI_INT10
0000000a   PWRM_PWRM_CLKTICKSPERSLOT
0000000a   _EVENT10
0000000a   _HWI_INT10
0000000a   __PWRM_TIMERPERIOD
0000000b   EVENT11
0000000b   HWI_INT11
0000000b   _EVENT11
0000000b   _HWI_INT11
0000000c   EVENT12
0000000c   HWI_INT12
0000000c   _EVENT12
0000000c   _HWI_INT12
0000000d   EVENT13
0000000d   HWI_INT13
0000000d   _EVENT13
0000000d   _HWI_INT13
0000000e   EVENT14
0000000e   HWI_INT14
0000000e   _EVENT14
0000000e   _HWI_INT14
0000000f   EVENT15
0000000f   HWI_INT15
0000000f   _EVENT15
0000000f   _HWI_INT15
00000010   EVENT16
00000010   _EVENT16
00000011   EVENT17
00000011   _EVENT17
00000012   EVENT18
00000012   _EVENT18
00000013   EVENT19
00000013   _EVENT19
00000014   EVENT20
00000014   _EVENT20
00000015   EVENT21
00000015   _EVENT21
00000016   EVENT22
00000016   _EVENT22
00000017   EVENT23
00000017   _EVENT23
00000018   EVENT24
00000018   _EVENT24
00000019   EVENT25
00000019   _EVENT25
0000001a   EVENT26
0000001a   _EVENT26
0000001b   EVENT27
0000001b   _EVENT27
0000001c   EVENT28
0000001c   _EVENT28
0000001d   EVENT29
0000001d   _EVENT29
0000001e   EVENT30
0000001e   _EVENT30
0000001f   EVENT31
0000001f   _EVENT31
00000020   CLK_TCR
00000020   EVENT32
00000020   _EVENT32
00000020   __PWRM_TIMERINPUTCLK
00000020   trace$size
00000021   EVENT33
00000021   _EVENT33
00000022   EVENT34
00000022   _EVENT34
00000023   EVENT35
00000023   _EVENT35
00000024   EVENT36
00000024   _EVENT36
00000025   EVENT37
00000025   _EVENT37
00000026   EVENT38
00000026   _EVENT38
00000027   EVENT39
00000027   _EVENT39
00000028   EVENT40
00000028   _EVENT40
00000029   EVENT41
00000029   _EVENT41
0000002a   EVENT42
0000002a   _EVENT42
0000002b   EVENT43
0000002b   _EVENT43
0000002c   EVENT44
0000002c   _EVENT44
0000002d   EVENT45
0000002d   _EVENT45
0000002e   EVENT46
0000002e   _EVENT46
0000002f   EVENT47
0000002f   _EVENT47
00000030   EVENT48
00000030   _EVENT48
00000031   EVENT49
00000031   _EVENT49
00000032   EVENT50
00000032   _EVENT50
00000033   EVENT51
00000033   _EVENT51
00000034   EVENT52
00000034   _EVENT52
00000035   EVENT53
00000035   _EVENT53
00000036   EVENT54
00000036   _EVENT54
00000037   EVENT55
00000037   _EVENT55
00000038   EVENT56
00000038   _EVENT56
00000039   EVENT57
00000039   _EVENT57
0000003a   EVENT58
0000003a   _EVENT58
0000003b   EVENT59
0000003b   _EVENT59
0000003c   EVENT60
0000003c   _EVENT60
0000003d   EVENT61
0000003d   _EVENT61
0000003e   EVENT62
0000003e   GBL_DSPTYPE
0000003e   _EVENT62
0000003f   EVENT63
0000003f   _EVENT63
00000040   EVENT64
00000040   LOG_system$size
00000040   _EVENT64
00000041   EVENT65
00000041   _EVENT65
00000042   EVENT66
00000042   GBL_FOOTPRINT
00000042   _EVENT66
00000043   EVENT67
00000043   _EVENT67
00000044   EVENT68
00000044   _EVENT68
00000045   EVENT69
00000045   _EVENT69
00000046   EVENT70
00000046   _EVENT70
00000047   EVENT71
00000047   _EVENT71
00000048   EVENT72
00000048   _EVENT72
00000049   EVENT73
00000049   _EVENT73
0000004a   EVENT74
0000004a   _EVENT74
0000004b   EVENT75
0000004b   _EVENT75
0000004c   EVENT76
0000004c   _EVENT76
0000004d   EVENT77
0000004d   _EVENT77
0000004e   EVENT78
0000004e   _EVENT78
0000004f   EVENT79
0000004f   _EVENT79
00000050   EVENT80
00000050   _EVENT80
00000051   EVENT81
00000051   _EVENT81
00000052   EVENT82
00000052   _EVENT82
00000053   EVENT83
00000053   _EVENT83
00000054   EVENT84
00000054   _EVENT84
00000055   EVENT85
00000055   _EVENT85
00000056   EVENT86
00000056   _EVENT86
00000057   EVENT87
00000057   _EVENT87
00000058   EVENT88
00000058   _EVENT88
00000059   EVENT89
00000059   _EVENT89
0000005a   EVENT90
0000005a   _EVENT90
0000005b   EVENT91
0000005b   _EVENT91
0000005c   EVENT92
0000005c   _EVENT92
0000005d   EVENT93
0000005d   _EVENT93
0000005e   EVENT94
0000005e   _EVENT94
0000005f   EVENT95
0000005f   _EVENT95
00000060   EVENT96
00000060   _EVENT96
00000061   EVENT97
00000061   _EVENT97
00000062   EVENT98
00000062   _EVENT98
00000063   EVENT99
00000063   _EVENT99
00000064   EVENT100
00000064   PIP_OBJSIZE
00000064   _EVENT100
00000065   EVENT101
00000065   _EVENT101
00000066   EVENT102
00000066   _EVENT102
00000067   EVENT103
00000067   _EVENT103
00000068   EVENT104
00000068   _EVENT104
00000069   EVENT105
00000069   _EVENT105
0000006a   EVENT106
0000006a   _EVENT106
0000006b   EVENT107
0000006b   _EVENT107
0000006c   EVENT108
0000006c   _EVENT108
0000006d   EVENT109
0000006d   _EVENT109
0000006e   EVENT110
0000006e   _EVENT110
0000006f   EVENT111
0000006f   _EVENT111
00000070   EVENT112
00000070   _EVENT112
00000071   EVENT113
00000071   _EVENT113
00000072   EVENT114
00000072   _EVENT114
00000073   EVENT115
00000073   _EVENT115
00000074   EVENT116
00000074   _EVENT116
00000075   EVENT117
00000075   _EVENT117
00000076   EVENT118
00000076   _EVENT118
00000077   EVENT119
00000077   _EVENT119
00000078   EVENT120
00000078   _EVENT120
00000079   EVENT121
00000079   _EVENT121
0000007a   EVENT122
0000007a   _EVENT122
0000007b   EVENT123
0000007b   _EVENT123
0000007c   EVENT124
0000007c   _EVENT124
0000007d   EVENT125
0000007d   _EVENT125
0000007e   EVENT126
0000007e   _EVENT126
0000007f   EVENT127
0000007f   _EVENT127
00000080   GBL_L2MAR128_159
00000100   HST_MAXFRAMEALLOWED
000003e8   CLK_MICROSECS
00000400   HST_DSMMEMSIZE
00000400   TSK_STACKSIZE
00000408   RTDX_BUFMEMSIZE
00000d66   GBL_CLKTYPE
00001000   __STACK_SIZE
00001963   GBL_DSPSUBTYPE
00004000   CLK_INTBIT
00004000   GBL_TRCMASKVALUE
00004000   HWI_CFGDISPATCHED
00004000   _HWI_CFGDISPATCHED
00004b00   CLK_INPUTCLK
00004b00   CLK_PRD
00004b00   _CLK_PRD
00004e20   GBL_CLKIN
00005205   GBL_A_VERSION
00020000   DDR2$L
00020000   _DDR2_length
00050910   CLK_COUNTSPMS
00050910   CLK_HTIMEPERLTIME
00050910   CLK_LTIMEMULT
00050910   GBL_FREQ
00050910   _CLK_COUNTSPMS
07060504   HWI_INTRMUX1
0a0a0908   HWI_INTRMUX2
34330d0b   HWI_INTRMUX3
48002000   __PWRM_SCM_BASEADDR
48004000   __PWRM_CM_BASEADDR
48306000   __PWRM_PRM_BASEADDR
49038000   CLK_REGS
49038000   _CLK_REGS
49038000   _CLK_gptimer
5d000000   __PWRM_IVAMMU_BASEADDR
87e00080   .data
87e00080   DDR2$B
87e00080   HST_A_TABBEG
87e00080   HST_A_TABEND
87e00080   PIP_A_TABBEG
87e00080   PIP_A_TABEND
87e00080   PRD_A_TABBEG
87e00080   PRD_A_TABEND
87e00080   _DDR2_base
87e00080   _HST_A_TABBEG
87e00080   _HST_A_TABEND
87e00080   _PIP_A_TABBEG
87e00080   _PIP_A_TABEND
87e00080   ___data__
87e00080   ___edata__
87e00080   edata
87e20080   .text
87e20080   __RingIO_writerSetvAttribute
87e20080   ___text__
87e20334   __RingIO_getFirstAttr
87e20434   __RingIO_releaseAttribute
87e20518   __RingIO_writerRelease
87e208a4   __RingIO_initInstance
87e20964   __RingIO_writerFlush
87e20e68   __RingIO_updateAttributes
87e21038   __RingIO_writerCancel
87e21424   __RingIO_writerAcquire
87e21660   __RingIO_getFirstAcquiredAttr
87e21710   __RingIO_invalidateDataBuffer
87e217ec   __RingIO_readerRelease
87e21be8   __RingIO_readerGetvAttribute
87e21fb0   __RingIO_readerFlush
87e224c8   __RingIO_readerCancel
87e22674   __RingIO_getContiguousDataSize
87e22790   __RingIO_readerAcquire
87e22bc8   __RingIO_checkNotifier
87e22cac   __RingIO_callNotifier
87e22eb8   _RingIO_init
87e23038   _RingIO_exit
87e230e0   _MPCS_open
87e23140   _MPCS_leave
87e2326c   _MPCS_enter
87e23460   _MPCS_delete
87e23924   _MPCS_create
87e23e74   _MPCS_close
87e23f40   _IPS_unregister
87e242f0   _IPS_setReserved
87e24318   _IPS_isNotReserved
87e24340   _IPS_register
87e24694   _IPS_notify
87e248a0   _IPS_init
87e24a04   _IPS_exit
87e24ab8   _IPS_clearReserved
87e24c80   __divd
87e25460   __DSPLINK_init
87e25964   _POOL_open
87e25a00   _SMAPOOL_open
87e25b38   _SMAPOOL_init
87e25b50   _SMAPOOL_free
87e25d4c   _SMAPOOL_alloc
87e25f40   __divf
87e26d00   __MPCS_open
87e26f74   _MPCS_init
87e270f4   _MPCS_exit
87e27160   __printfi
87e27820   _sum_dsp
87e278cc   _Task_execute
87e27958   _Task_delete
87e279c0   _Task_create
87e27e40   _fputs
87e28980   __divull
87e28be0   __mpyd
87e28e40   __addd
87e29080   __frcaddd
87e294c0   __frcmpyd_div
87e296c0   __mpyf
87e29ac0   _MPLIST_init
87e29c40   _MPLIST_exit
87e29cc0   _HAL_intRegister
87e29de0   _HAL_intInit
87e2a040   _HOSTrename
87e2a1e0   __divul
87e2a380   _setvbuf
87e2a6a0   _fputc
87e2a6a0   _putc
87e2a920   __frcmpyd
87e2ab60   _fclose
87e2ac80   _NOTIFY_unregister
87e2acd4   _NOTIFY_register
87e2ad34   _NOTIFY_notify
87e2ada0   _HOSTlseek
87e2afa0   __wrt_ok
87e2b0a0   _main
87e2b1a0   _HAL_intWaitClear
87e2b210   _HAL_intSend
87e2b220   _HAL_intEnable
87e2b24c   _HAL_intDisable
87e2b278   _HAL_intClear
87e2b2a0   _SHMDRV_init
87e2b2b4   _SHMDRV_handshake
87e2b380   _HOSTopen
87e2b460   __cmpd
87e2b620   _atoi
87e2b700   _close
87e2b7e0   _memset
87e2b8c0   _DSPLINK_init
87e2b980   _HOSTread
87e2ba40   _HOSTunlink
87e2bb00   _HOSTwrite
87e2bbc0   __cleanup
87e2bc80   __divu
87e2bd40   __doflush
87e2be00   _fseek
87e2bec0   _lseek
87e2bf80   _ltoa
87e2c040   _write
87e2c1c0   _NOTIFY_init
87e2c280   _DSPLINKIPS_init
87e2c320   _DSPLINKPOOL_init
87e2c3c0   _HOSTclose
87e2c460   __divli
87e2c640   __fixdli
87e2c6e0   __frcmpyf_div
87e2c820   __remu
87e2c960   _memcpy
87e2ca00   _printf
87e2caa0   __cmpf
87e2cb20   __fixdi
87e2cba0   __fixfu
87e2cc20   __fltlid
87e2cca0   __llshl
87e2cd20   __renormd
87e2cda0   _unlink
87e2ce20   _writemsg
87e2ce80   C$$IO$$
87e2cea0   __cvtfd
87e2cf00   __frcmpyf
87e2cf60   __llshru
87e2cfc0   __subcull
87e2d020   _memccpy
87e2d080   _readmsg
87e2d0e0   _DSPLINKDATA_init
87e2d120   _DSPLINKMQT_init
87e2d160   ___isinf
87e2d220   __fltuf
87e2d260   __negd
87e2d2a0   __remli
87e2d2e0   __subd
87e2d320   _HAL_init
87e2d348   _HAL_exit
87e2d380   __negll
87e2d3a0   __nop
87e2d400   __register_lock
87e2d420   __register_unlock
87e2d440   _remove
87e2d460   _EXC_nmi
87e2d460   ___etext__
87e2d460   etext
87e2d494   _EXC_internal
87e2d740   _EXC_init
87e2d780   _EXC_getLastStatus
87e2d7a0   _EXC_external
87e2d7d4   _EXC_exceptionHandler
87e2d950   _EXC_clearLastStatus
87e2d980   CLK_HOOKFXN
87e2d980   HWI_F_dispatch
87e2d980   _HWI_F_dispatch
87e2d980   __HWI_lat1beg
87e2db08   __HWI_lat1end
87e2db08   __HWI_lat2beg
87e2dc70   __HWI_lat2end2
87e2dca0   __HWI_lat3end2
87e2dce4   __HWI_lat2end1
87e2dd00   __HWI_lat3beg
87e2de60   SWI_F_enable
87e2de60   __SWI_lat3beg
87e2decc   __SWI_lat3end
87e2ded0   SWI_F_post
87e2ded0   _SWI_post
87e2dfd8   __SWI_lat1beg
87e2e044   SWI_EXECFXN
87e2e044   SWI_F_exec
87e2e06c   SWI_F_iexec
87e2e084   __SWI_lat1end
87e2e088   __SWI_lat2beg
87e2e0e8   __SWI_lat2end
87e2e0ec   SWI_F_run
87e2e0ec   SWI_RUNFXN
87e2e320   PRD_F_swi
87e2e5a4   PRD_F_tick
87e2e6a0   _TSK_create
87e2e9e0   _free
87e2ea08   _malloc
87e2ea6c   _realloc
87e2eb38   _memalign
87e2ec18   _calloc
87e2ec80   _KNL_run
87e2eec0   _SEM_pendEnterKnl
87e2f0c0   _CLK_stop
87e2f124   _CLK_start
87e2f2c0   _MEM_alloc
87e2f4a0   _C62_plug
87e2f4a0   _C64_plug
87e2f4a8   _C62_dispatchPlug
87e2f4a8   _C64_dispatchPlug
87e2f680   _EXC_dispatch
87e2f844   _EXC_setReturnPtr
87e2fa2c   PRD_THOOKFXN
87e2fa2c   _KNL_tick
87e2fa40   _MEM_free
87e2fc00   __SEM_dopost
87e2fdc0   CLK_F_getltime
87e2fdd0   CLK_F_isr
87e2ff20   CLK_F_itime
87e2ff20   _CLK_F_itime
87e2ff20   _CLK_itime
87e2ff3c   __CLK_lat1beg
87e2ff60   __CLK_lat1end
87e2ff80   _TSK_setup
87e30120   _KNL_saveIsrFrame
87e301cc   _KNL_switch
87e30278   KNL_glue
87e302a0   __auto_init
87e303e0   _KNL_ready
87e30520   _TSK_exit
87e30660   _BCACHE_setSize
87e306a4   _BCACHE_setMar
87e306f4   _BCACHE_bootInit
87e306f4   _BCACHE_setCacheToSram
87e30724   _BCACHE_getSize
87e30774   _BCACHE_getMar
87e307cc   _CLK_reconfig
87e30944   _GBL_cacheInit64P
87e30a00   _KNL_check
87e30a4c   __KNL_lat1beg
87e30ac8   _KNL_idle
87e30ac8   __KNL_lat1end
87e30af0   _KNL_max
87e30bc4   _TSK_startup
87e30d0c   _BCACHE_wbInv
87e30d20   _BCACHE_wb
87e30d30   _BCACHE_inv
87e30d40   _SEM_post
87e30d40   _SEM_postBinary
87e30e20   _KNL_exit
87e30e60   _KNL_enter
87e30ee0   _KNL_start
87e30f80   _SEM_postEnterKnl
87e31020   _SYS_exit
87e310c0   _HWI_dispatchPlug
87e31140   _HWI_eventMap
87e311c0   _KNL_ipost
87e31240   _KNL_post
87e312c0   _LCK_post
87e312e0   _LCK_pend
87e31340   LOG_F_event
87e31340   _LOG_event
87e31340   __LOG_lat1beg
87e313c0   _OBJ_create
87e3148c   _BCACHE_wbInvAll
87e314a0   _BCACHE_wbAll
87e314b0   _BCACHE_invL1pAll
87e314c0   _BCACHE_wait
87e31540   _MEM_valloc
87e315a0   _SYS_error
87e31600   FXN_F_nop
87e31604   FXN_F_run
87e31604   _FXN_F_run
87e31640   FXN_F_zero
87e31640   _FXN_F_zero
87e31660   _HWI_disable
87e31678   _HWI_enable
87e3168c   _HWI_restore
87e316c0   _OBJ_delete
87e31720   _SEM_pend
87e31780   STS_F_delta
87e31780   _STS_delta
87e317ac   STS_F_add
87e317ac   _STS_add
87e317c8   STS_F_reset
87e317c8   _STS_reset
87e317e0   _SWI_disable
87e31804   _SWI_enable
87e31840   _SYS_abort
87e318a0   SYS_PUTCFXN
87e318a0   _UTL_doPutc
87e31900   _C62_disableIER
87e31900   _C64_disableIER
87e31918   _C62_enableIER
87e31918   _C64_enableIER
87e3192c   _C62_clearIFR
87e3192c   _C64_clearIFR
87e31940   _QUE_get
87e31940   __QUE_lat1beg
87e31960   __QUE_lat1end
87e31968   _QUE_put
87e31968   __QUE_lat2beg
87e31974   __QUE_lat2end
87e31980   SYS_ABORTFXN
87e31980   _UTL_doAbort
87e319c0   GBL_USERINITFXN
87e319c0   GIO_CREATEFXN
87e319c0   GIO_DELETEFXN
87e319c0   GIO_PENDFXN
87e319c0   GIO_POSTFXN
87e319c0   PWRM_PWRM_SHAREDRESOURCEFXN
87e319c0   PWRM_PWRM_SLOTHOOKFXN
87e319c0   TSK_VCREATEFXN
87e319c0   TSK_VDELETEFXN
87e319c0   TSK_VEXITFXN
87e319c0   _FXN_F_nop
87e319e0   _GBL_getVersion
87e31a00   _HOOK_setenv
87e31a20   IDL_F_loop
87e31a20   _IDL_loop
87e31a40   _STS_set
87e31a60   SYS_ERRORFXN
87e31a60   _UTL_doError
87e31a80   SYS_EXITFXN
87e31a80   _UTL_halt
87e31aa0   CLK_TIMEFXN
87e31aa0   _CLK_gethtime
87e31ac0   GBL_stackbeg
87e31ac0   _HWI_STKTOP
87e31ac0   __stack
87e32ab8   _HWI_STKBOTTOM
87e32abf   GBL_stackend
87e32ac0   ___cinit__
87e32ac0   cinit
87e33774   IDL_A_TABBEG
87e33774   IDL_END
87e33778   __ftable
87e33868   __tmpnams
87e33908   __ft_end
87e3390c   __BCACHE_emifAddr
87e33a30   _KNL_queues
87e33ad0   _KNL_dummy
87e33ca4   _CLK_inputClock
87e33ca8   _DSPLINKPOOL_ctrlPtr
87e33d28   _TSK_ATTRS
87e33d44   _TSK_config
87e33d64   _TSK_timerSem
87e33d88   _OBJ_table
87e33dc0   _OBJ_segtab
87e33ddc   __TSK_mutex
87e33e04   __MEM_mutex
87e33e2c   _DSPLINKDATA_ctrlPtr
87e33e30   _SYS_exitStack
87e33e50   _SamplePoolParams
87e33e58   _pool_notify_Pools
87e33e68   _POOL_config
87e33e84   _EXC_status
87e33ea4   _HWI_ATTRS
87e33ebc   __BCACHE_readTable
87e33ec8   __cleanup_ptr
87e33ecc   __dtors_ptr
87e33ed0   ___TI_enable_exit_profile_output
87e33ed4   _buf
87e33ed8   _length
87e33ee0   _MPCSXFER_BufferSize
87e33ee4   _MPCSXFER_NumIterations
87e33ee8   _MPCS_ctrlPtr
87e33eec   _MPCS_csObj
87e33ef0   _MPLIST_ctrlPtr
87e33ef4   _MPLIST_mpcsObj
87e33ef8   _NOTIFY_ctrlPtr
87e33efc   _NOTIFY_numIps
87e33f00   _RingIO_ctrlPtr
87e33f04   _RingIO_mpcsObj
87e33f08   __lock
87e33f0c   __unlock
87e33f24   _DSPLINKMQT_ctrlPtr
87e33f28   _CLK_gptimer_enablemask
87e33f34   TRC_cinit
87e33f38   TRC_R_mask
87e33f38   _TRC_R_mask
87e33f3c   GBL_initdone
87e33f40   BIOS_init
87e33f40   _BIOS_init
87e3418c   BIOS_start
87e3418c   _BIOS_start
87e34220   _POOL_init
87e34340   _c_int00
87e34400   _MEM_init
87e344a0   _TSK_init
87e34500   _OBJ_init
87e346b8   __ctypes_
87e34944   _SMAPOOL_FXNS
87e34965   KNL_swi$sts$maxfmt
87e34968   TSK_idle$stack
87e3496d   KNL_swi$sts$sumfmt
87e34975   KNL_swi$sts$avgfmt
87e34d00   TSK_idle$stkptr
87e34d68   $bss
87e34d68   .bss
87e34d68   _HWI_dispatchTab
87e34d68   ___bss__
87e34e68   IDL_D_tabbeg
87e34e6c   IDL_D_calibrate
87e34e70   IDL_D_calbeg
87e34e74   LOG_D_system
87e34e74   _LOG_D_system
87e34e78   PIP_D_tabbeg
87e34e7c   PIP_D_tablen
87e34e80   CLK_R_time
87e34e84   CLK_D_timefxn
87e34e88   CLK_D_tabbeg
87e34e8c   CLK_D_isrhook
87e34e90   CLK_D_idletime
87e34e94   _CLK_htimeDiv
87e34e98   _CLK_htimeMult
87e34e9c   _CLK_ltimeDiv
87e34ea0   _CLK_ltimeMult
87e34ea4   _CLK_D_dirty
87e34ea8   _CLK_D_prd
87e34eac   _CLK_D_tddr
87e34eb0   _CLK_D_countspms
87e34eb4   PRD_D_tick
87e34eb4   _PRD_D_tick
87e34eb8   PRD_D_cur
87e34ebc   PRD_D_elapsed
87e34ec0   PRD_D_prevtim
87e34ec4   PRD_D_scalar
87e34ec8   PRD_D_swihandle
87e34ecc   PRD_D_tabbeg
87e34ed0   PRD_D_tablen
87e34ed4   PRD_D_thook
87e34ed8   RTA_D_fromHost
87e34edc   RTA_D_toHost
87e34ee0   RTA_D_logval
87e34ef0   RTA_D_stsval
87e34efc   HST_D_chanmask
87e34f00   HST_D_tabbeg
87e34f04   HST_D_tabend
87e34f08   _GBL_procId
87e34f0c   _GBL_clkIn
87e34f10   _GBL_freq
87e34f14   _MEM_D_NUMSEGMENTS
87e34f18   _MEM_D_memtab
87e34f1c   _MEM_D_freelist
87e34f20   _MEM_D_lockaddr
87e34f24   _MEM_D_unlockaddr
87e34f28   _SYS
87e34f2c   __HOOK_knlId
87e34f30   __HOOK_NUMHOOKS
87e34f34   SWI_D_runaddr
87e34f34   _SWI_D_runaddr
87e34f34   _SWI_data
87e34f38   SWI_D_execaddr
87e34f38   _SWI_D_execaddr
87e34f3c   SWI_D_curmask
87e34f3c   _SWI_D_curmask
87e34f40   SWI_D_curset
87e34f40   _SWI_D_curset
87e34f44   SWI_D_lock
87e34f44   _SWI_D_lock
87e34f48   SWI_D_curmbox
87e34f4c   SWI_D_curfxn
87e34f4c   _SWI_D_curfxn
87e34f50   SWI_D_rdybeg
87e34f50   _SWI_D_rdybeg
87e34f54   SWI_D_inswi
87e34f54   _SWI_D_inswi
87e34f58   SWI_D_rdytab
87e34fd0   _KNL_wFlag
87e34fd4   _KNL_wList
87e34fd8   _KNL_alarm
87e34fdc   _KNL_setpri
87e34fe0   _KNL_inactive
87e34fe4   _KNL_priority
87e34fe8   _KNL_set
87e34fec   _KNL_curtask
87e34ff0   _KNL_prevtask
87e34ff4   _KNL_curtime
87e34ff8   _KNL_swiptr
87e34ffc   _KNL_curqueue
87e35000   _KNL_maxqueue
87e35004   _KNL_tswitchfxn
87e35008   _KNL_tcreatefxn
87e3500c   _KNL_tdeletefxn
87e35010   _KNL_treadyfxn
87e35014   _KNL_idlefxn
87e35018   _EXC_sysTrapTable
87e35020   _EXC_returnPtr
87e35038   HWI_D_spsave
87e35038   _HWI_D_spsave
87e35038   _HWI_data
87e35044   _HWI_D_inhwi
87e35048   HWI_D_bss
87e3504c   HWI_D_ccmask
87e35050   _EXC_exceptionHook
87e35054   _EXC_internalHook
87e35058   _EXC_externalHook
87e3505c   _EXC_nmiHook
87e35060   _MEM_memtab
87e3506c   DDR2
87e3506c   HST_DSMBUFSEG
87e3506c   MEM_MALLOCSEG
87e3506c   MEM_SEGZERO
87e3506c   RTDX_DATAMEMSEG
87e3506c   TSK_STACKSEG
87e3506c   _DDR2
87e35070   _TSK_nTasks
87e35074   _TSK_pid
87e35078   _TSK
87e3507c   _CLK_DFLTMICROSECS
87e35080   _CLK_D_microseconds
87e35084   _SYS_exitStackPtr
87e35088   _SYS_exitStackTop
87e3508c   _CLK_htimePerLtime
87e35094   _MEM
87e35098   _POOL
87e3509e   ___end__
87e3509e   end
87e350a0   _SYS_PUTCBEG
87e3529f   _SYS_PUTCEND
87e352a0   __CIOBUF_
87e353f4   CLK_A_TABBEG
87e353f4   PRD_clock
87e353f4   _PRD_clock
87e353f8   CLK_null
87e353fc   IDL_A_CALBEG
87e353fc   IDL_END$
87e35400   HWI_A_VECS
87e35400   hwi0
87e35420   hwi1
87e35440   hwi2
87e35460   hwi3
87e35480   hwi4
87e354a0   hwi5
87e354c0   hwi6
87e354e0   hwi7
87e35500   hwi8
87e35520   hwi9
87e35540   hwi10
87e35560   hwi11
87e35580   hwi12
87e355a0   hwi13
87e355c0   hwi14
87e355e0   hwi15
87e35600   LOG_system$buf
87e35700   _DSPLINK_shmBaseAddress
87e35708   _DSPLINK_shmBaseAddress_pad
87e35790   TSK_idle
87e35790   _TSK_idle
87e357e4   KNL_swi$sts$stsobj
87e357e4   STS_A_TABBEG
87e357e4   _STS_A_TABBEG
87e357e8   KNL_swi$sts
87e357f4   STS_A_TABEND
87e357f4   _STS_A_TABEND
87e35800   trace$buf
87e358d0   LOG_A_TABBEG
87e358d0   LOG_system
87e358d0   _LOG_A_TABBEG
87e358d0   _LOG_system
87e358e8   _trace
87e358e8   trace
87e35900   KNL_swi
87e35900   LOG_A_TABEND
87e35900   SWI_A_TABBEG
87e35900   _KNL_swi
87e35900   _LOG_A_TABEND
87e3592c   SWI_A_TABEND
87e3593c   SYS$config
ffffffff   CACHE_L1D
ffffffff   CACHE_L1P
ffffffff   CACHE_L2
ffffffff   DSPLINKMEM
ffffffff   ECM_EVTMASK0
ffffffff   ECM_EVTMASK1
ffffffff   ECM_EVTMASK2
ffffffff   ECM_EVTMASK3
ffffffff   IRAM
ffffffff   L1DSRAM
ffffffff   POOLMEM
ffffffff   RESET_VECTOR
ffffffff   _CACHE_L1D
ffffffff   _CACHE_L1P
ffffffff   _CACHE_L2
ffffffff   _DSPLINKMEM
ffffffff   _IRAM
ffffffff   _L1DSRAM
ffffffff   _POOLMEM
ffffffff   _RESET_VECTOR
ffffffff   ___TI_pprof_out_hndl
ffffffff   ___TI_prof_data_size
ffffffff   ___TI_prof_data_start
ffffffff   ___binit__
ffffffff   ___c_args__
ffffffff   ___pinit__
ffffffff   binit
ffffffff   pinit

[1082 symbols]
